******************************************************************************
                  MSP430 Linker PC v4.1.1                      
******************************************************************************
>> Linked Fri Dec 07 19:36:26 2012

OUTPUT FILE NAME:   <ez430_chronos_868MHz.out>
ENTRY POINT SYMBOL: "_c_int00"  address: 0000e162


MEMORY CONFIGURATION

         name            origin    length      used     unused   attr    fill
----------------------  --------  ---------  --------  --------  ----  --------
  SFR                   00000000   00000010  00000000  00000010  RWIX
  PERIPHERALS_8BIT      00000010   000000f0  00000000  000000f0  RWIX
  PERIPHERALS_16BIT     00000100   00000100  00000000  00000100  RWIX
  INFOD                 00001800   00000080  00000000  00000080  RWIX
  INFOC                 00001880   00000080  00000000  00000080  RWIX
  INFOB                 00001900   00000080  00000000  00000080  RWIX
  INFOA                 00001980   00000080  00000000  00000080  RWIX
  RAM                   00001c00   00000ffe  00000359  00000ca5  RWIX
  FLASH                 00008000   00007f80  00007749  00000837  RWIX
  INT00                 0000ff80   00000002  00000000  00000002  RWIX
  INT01                 0000ff82   00000002  00000000  00000002  RWIX
  INT02                 0000ff84   00000002  00000000  00000002  RWIX
  INT03                 0000ff86   00000002  00000000  00000002  RWIX
  INT04                 0000ff88   00000002  00000000  00000002  RWIX
  INT05                 0000ff8a   00000002  00000000  00000002  RWIX
  INT06                 0000ff8c   00000002  00000000  00000002  RWIX
  INT07                 0000ff8e   00000002  00000000  00000002  RWIX
  INT08                 0000ff90   00000002  00000000  00000002  RWIX
  INT09                 0000ff92   00000002  00000000  00000002  RWIX
  INT10                 0000ff94   00000002  00000000  00000002  RWIX
  INT11                 0000ff96   00000002  00000000  00000002  RWIX
  INT12                 0000ff98   00000002  00000000  00000002  RWIX
  INT13                 0000ff9a   00000002  00000000  00000002  RWIX
  INT14                 0000ff9c   00000002  00000000  00000002  RWIX
  INT15                 0000ff9e   00000002  00000000  00000002  RWIX
  INT16                 0000ffa0   00000002  00000000  00000002  RWIX
  INT17                 0000ffa2   00000002  00000000  00000002  RWIX
  INT18                 0000ffa4   00000002  00000000  00000002  RWIX
  INT19                 0000ffa6   00000002  00000000  00000002  RWIX
  INT20                 0000ffa8   00000002  00000000  00000002  RWIX
  INT21                 0000ffaa   00000002  00000000  00000002  RWIX
  INT22                 0000ffac   00000002  00000000  00000002  RWIX
  INT23                 0000ffae   00000002  00000000  00000002  RWIX
  INT24                 0000ffb0   00000002  00000000  00000002  RWIX
  INT25                 0000ffb2   00000002  00000000  00000002  RWIX
  INT26                 0000ffb4   00000002  00000000  00000002  RWIX
  INT27                 0000ffb6   00000002  00000000  00000002  RWIX
  INT28                 0000ffb8   00000002  00000000  00000002  RWIX
  INT29                 0000ffba   00000002  00000000  00000002  RWIX
  INT30                 0000ffbc   00000002  00000000  00000002  RWIX
  INT31                 0000ffbe   00000002  00000000  00000002  RWIX
  INT32                 0000ffc0   00000002  00000000  00000002  RWIX
  INT33                 0000ffc2   00000002  00000000  00000002  RWIX
  INT34                 0000ffc4   00000002  00000000  00000002  RWIX
  INT35                 0000ffc6   00000002  00000000  00000002  RWIX
  INT36                 0000ffc8   00000002  00000000  00000002  RWIX
  INT37                 0000ffca   00000002  00000000  00000002  RWIX
  INT38                 0000ffcc   00000002  00000000  00000002  RWIX
  INT39                 0000ffce   00000002  00000000  00000002  RWIX
  INT40                 0000ffd0   00000002  00000000  00000002  RWIX
  INT41                 0000ffd2   00000002  00000000  00000002  RWIX
  INT42                 0000ffd4   00000002  00000000  00000002  RWIX
  INT43                 0000ffd6   00000002  00000000  00000002  RWIX
  INT44                 0000ffd8   00000002  00000000  00000002  RWIX
  INT45                 0000ffda   00000002  00000000  00000002  RWIX
  INT46                 0000ffdc   00000002  00000000  00000002  RWIX
  INT47                 0000ffde   00000002  00000000  00000002  RWIX
  INT48                 0000ffe0   00000002  00000002  00000000  RWIX
  INT49                 0000ffe2   00000002  00000000  00000002  RWIX
  INT50                 0000ffe4   00000002  00000000  00000002  RWIX
  INT51                 0000ffe6   00000002  00000000  00000002  RWIX
  INT52                 0000ffe8   00000002  00000000  00000002  RWIX
  INT53                 0000ffea   00000002  00000002  00000000  RWIX
  INT54                 0000ffec   00000002  00000002  00000000  RWIX
  INT55                 0000ffee   00000002  00000002  00000000  RWIX
  INT56                 0000fff0   00000002  00000002  00000000  RWIX
  INT57                 0000fff2   00000002  00000000  00000002  RWIX
  INT58                 0000fff4   00000002  00000000  00000002  RWIX
  INT59                 0000fff6   00000002  00000000  00000002  RWIX
  INT60                 0000fff8   00000002  00000000  00000002  RWIX
  INT61                 0000fffa   00000002  00000000  00000002  RWIX
  INT62                 0000fffc   00000002  00000000  00000002  RWIX
  RESET                 0000fffe   00000002  00000002  00000000  RWIX


SECTION ALLOCATION MAP

 output                                  attributes/
section   page    origin      length       input sections
--------  ----  ----------  ----------   ----------------
.pinit     0    00008000    00000000     UNINITIALIZED

.bss       0    00001c00    00000309     UNINITIALIZED
                  00001c00    0000008c     nwk_QMgmt.obj (.bss)
                  00001c8c    0000005e     display.obj (.bss)
                  00001cea    00000048     rfsimpliciti.obj (.bss)
                  00001d32    00000045     vti_ps.obj (.bss)
                  00001d77    00000001     main_ED_BM.obj (.bss)
                  00001d78    0000003c     mrfi.obj (.bss)
                  00001db4    0000001d     nwk.obj (.bss)
                  00001dd1    00000001     nwk_api.obj (.bss)
                  00001dd2    0000001c     BlueRobin_RX_868MHz.lib : BRRX_Resource.obj (.bss)
                  00001dee    0000001a     bluerobin.obj (.bss)
                  00001e08    00000012     countdown.obj (.bss)
                  00001e1a    0000000f     main.obj (.bss)
                  00001e29    00000001     nwk_ping.obj (.bss)
                  00001e2a    0000000e     altitude.obj (.bss)
                  00001e38    0000000e     clock.obj (.bss)
                  00001e46    0000000e     stopwatch.obj (.bss)
                  00001e54    0000000c     BlueRobin_RX_868MHz.lib : BRRX_Scheduler.obj (.bss)
                  00001e60    0000000c     acceleration.obj (.bss)
                  00001e6c    0000000c     ports.obj (.bss)
                  00001e78    0000000b     timer.obj (.bss)
                  00001e83    00000001     rfbsl.obj (.bss)
                  00001e84    0000000a     BlueRobin_RX_868MHz.lib : BR_Common.obj (.bss)
                  00001e8e    0000000a     nwk_frame.obj (.bss)
                  00001e98    0000000a     nwk_link.obj (.bss)
                  00001ea2    00000009     nwk_globals.obj (.bss)
                  00001eab    00000001     vti_as.obj (.bss)
                  00001eac    00000009     nwk_join.obj (.bss)
                  00001eb5    00000001     --HOLE--
                  00001eb6    00000008     BlueRobin_RX_868MHz.lib : BRRX_Timer.obj (.bss)
                  00001ebe    00000008     battery.obj (.bss)
                  00001ec6    00000008     buzzer.obj (.bss)
                  00001ece    00000008     rts430x.lib : _lock.obj (.bss)
                  00001ed6    00000008                 : boot.obj (.bss)
                  00001ede    00000006     BlueRobin_RX_868MHz.lib : BRRX_Radio.obj (.bss)
                  00001ee4    00000006     date.obj (.bss)
                  00001eea    00000006     temperature.obj (.bss)
                  00001ef0    00000005     BlueRobin_RX_868MHz.lib : BRRX_Packet.obj (.bss)
                  00001ef5    00000001     --HOLE--
                  00001ef6    00000004                             : BRRX_API.obj (.bss)
                  00001efa    00000004     alarm.obj (.bss)
                  00001efe    00000004     menu.obj (.bss)
                  00001f02    00000003     adc12.obj (.bss)
                  00001f05    00000001     --HOLE--
                  00001f06    00000003     nwk_mgmt.obj (.bss)

.stack     0    00002bac    00000050     UNINITIALIZED
                  00002bac    00000002     rts430x.lib : boot.obj (.stack)
                  00002bae    0000004e     --HOLE--

.text      0    00008000    00006fa0     
                  00008000    00000298     vti_ps.obj (.text:conv_pa_to_meter)
                  00008298    00000292     timer.obj (.text:_isr:TIMER0_A0_ISR)
                  0000852a    00000284     BlueRobin_RX_868MHz.lib : BRRX_Scheduler.obj (.text:BRRX__Scheduler_v)
                  000087ae    00000234     ports.obj (.text:_isr:PORT2_ISR)
                  000089e2    00000232     test.obj (.text:test_mode)
                  00008c14    0000021e     user.obj (.text:set_value)
                  00008e32    000001f4     clock.obj (.text:mx_time)
                  00009026    000001e4     bluerobin.obj (.text:mx_caldist)
                  0000920a    000001d6     vti_ps.obj (.text:update_pressure_table)
                  000093e0    00000194     mrfi.obj (.text:MRFI_Init)
                  00009574    00000160     clock.obj (.text:display_time)
                  000096d4    0000014e     nwk_link.obj (.text:nwk_link)
                  00009822    0000014c     nwk_link.obj (.text:smpl_send_link_reply$34)
                  0000996e    0000014a     rfsimpliciti.obj (.text:simpliciti_sync_decode_ap_cmd_callback)
                  00009ab8    00000146     main.obj (.text:display_update)
                  00009bfe    00000130     rts430x.lib : fs_add.obj (.text)
                  00009d2e    00000126     stopwatch.obj (.text:display_stopwatch)
                  00009e54    0000010c     BlueRobin_RX_868MHz.lib : BRRX_Scheduler.obj (.text:PacketMissed_v)
                  00009f60    00000100     temperature.obj (.text:mx_temperature)
                  0000a060    00000100     bluerobin.obj (.text:sx_bluerobin)
                  0000a160    000000f8     alarm.obj (.text:mx_alarm)
                  0000a258    000000f6     nwk_join.obj (.text:nwk_join)
                  0000a34e    000000f2     mrfi.obj (.text:Mrfi_SyncPinRxIsr$25)
                  0000a440    000000f2     countdown.obj (.text:test_axis)
                  0000a532    000000f0     stopwatch.obj (.text:stopwatch_tick)
                  0000a622    000000ec     altitude.obj (.text:display_altitude)
                  0000a70e    000000ec     altitude.obj (.text:mx_altitude)
                  0000a7fa    000000e6     temperature.obj (.text:display_temperature)
                  0000a8e0    000000e4     rfsimpliciti.obj (.text:simpliciti_sync_get_data_callback)
                  0000a9c4    000000de     bluerobin.obj (.text:display_speed)
                  0000aaa2    000000dc     bluerobin.obj (.text:display_distance)
                  0000ab7e    000000dc     nwk_QMgmt.obj (.text:nwk_QfindOldest)
                  0000ac5a    000000d4     display.obj (.text:display_chars)
                  0000ad2e    000000d2     nwk.obj (.text:nwk_allocateLocalRxPort)
                  0000ae00    000000cc     rfsimpliciti.obj (.text:start_simpliciti_tx_only)
                  0000aecc    000000c6     mrfi.obj (.text:MRFI_Transmit)
                  0000af92    000000c6     main.obj (.text:init_application)
                  0000b058    000000c4     alarm.obj (.text:display_alarm)
                  0000b11c    000000c4     display.obj (.text:int_to_array)
                  0000b1e0    000000c4     main.obj (.text:read_calibration_values)
                  0000b2a4    000000b6     BlueRobin_RX_868MHz.lib : BRRX_Scheduler.obj (.text:SearchPacketHit_u8)
                  0000b35a    000000b6     rts430x.lib : fs_mpy.obj (.text)
                  0000b410    000000b4     main_ED_BM.obj (.text:simpliciti_link)
                  0000b4c4    000000b2     nwk_api.obj (.text:SMPL_Ioctl)
                  0000b576    000000ae     main.obj (.text:wakeup_event)
                  0000b624    000000a2     rfsimpliciti.obj (.text:simpliciti_get_ed_data_callback)
                  0000b6c6    000000a2     main_ED_BM.obj (.text:simpliciti_main_sync)
                  0000b768    0000009e     altitude.obj (.text:do_altitude_measurement)
                  0000b806    0000009e     rfsimpliciti.obj (.text:start_simpliciti_sync)
                  0000b8a4    0000009c     nwk_frame.obj (.text:nwk_retrieveFrame)
                  0000b940    00000098     vti_ps.obj (.text:ps_twi_sda)
                  0000b9d8    00000096     rf1a.obj (.text:Strobe)
                  0000ba6e    00000096     temperature.obj (.text:temperature_measurement)
                  0000bb04    00000090     bluerobin.obj (.text:get_bluerobin_data)
                  0000bb94    0000008e     rts430x.lib : fs_div.obj (.text)
                  0000bc22    0000008c     nwk_frame.obj (.text:dispatchFrame$27)
                  0000bcae    0000008c     nwk.obj (.text:nwk_isConnectionValid)
                  0000bd3a    0000008a     nwk_frame.obj (.text:nwk_buildFrame)
                  0000bdc4    00000086     BlueRobin_RX_868MHz.lib : BRRX_Scheduler.obj (.text:GetData_v)
                  0000be4a    00000086                             : BRRX_Scheduler.obj (.text:TrimACLK_Offset_v)
                  0000bed0    00000084     timer.obj (.text:_isr:TIMER0_A1_5_ISR)
                  0000bf54    00000082     date.obj (.text:get_numberOfDays)
                  0000bfd6    00000082     nwk.obj (.text:nwk_nwkInit)
                  0000c058    00000080     vti_as.obj (.text:as_start)
                  0000c0d8    0000007e     BlueRobin_RX_868MHz.lib : BRRX_Radio.obj (.text:BRRX_RadioReceive_v)
                  0000c156    0000007c     nwk_frame.obj (.text:nwk_sendAckReply)
                  0000c1d2    00000078     countdown.obj (.text:display_countdown)
                  0000c24a    00000078     vti_ps.obj (.text:ps_init)
                  0000c2c2    00000076     nwk_QMgmt.obj (.text:nwk_QfindSlot)
                  0000c338    00000074     battery.obj (.text:battery_measurement)
                  0000c3ac    00000072     display.obj (.text:display_char)
                  0000c41e    00000072     main.obj (.text:init_global_variables)
                  0000c490    00000072     mrfi.obj (.text:mrfiRadioInterfaceCmdStrobe)
                  0000c502    00000072     vti_ps.obj (.text:ps_read_register)
                  0000c574    00000070     BlueRobin_RX_868MHz.lib : BRRX_Radio.obj (.text:BRRX_RadioInit_v)
                  0000c5e4    0000006c     vti_as.obj (.text:as_read_register)
                  0000c650    0000006a     BlueRobin_RX_868MHz.lib : BRRX_API.obj (.text:ResetTXCB_v)
                  0000c6ba    00000068     adc12.obj (.text:adc12_single_conversion)
                  0000c722    00000068     nwk_link.obj (.text:smpl_send_unlink_reply$34)
                  0000c78a    00000066     nwk_api.obj (.text:SMPL_SendOpt)
                  0000c7f0    00000066     rf1a.obj (.text:WritePATable)
                  0000c856    00000066     vti_as.obj (.text:as_write_register)
                  0000c8bc    00000066     bluerobin.obj (.text:display_heartrate)
                  0000c922    00000064     countdown.obj (.text:countdown_tick)
                  0000c986    00000062     mrfi.obj (.text:MRFI_RadioIsr)
                  0000c9e8    00000062     vti_ps.obj (.text:ps_get_pa)
                  0000ca4a    00000060     timer.obj (.text:Timer0_A4_Delay)
                  0000caaa    00000060     countdown.obj (.text:reset_countdown)
                  0000cb0a    0000005e     BlueRobin_RX_868MHz.lib : BRRX_Radio.obj (.text:BRRX_PacketEndTimerTask_v)
                  0000cb68    0000005e     battery.obj (.text:display_battery_V)
                  0000cbc6    0000005e     display.obj (.text:write_lcd_mem)
                  0000cc24    0000005c     BlueRobin_RX_868MHz.lib : BRRX_Scheduler.obj (.text:PrepareForFirstPacket_v)
                  0000cc80    0000005c     clock.obj (.text:clock_tick)
                  0000ccdc    0000005a     display.obj (.text:clear_line)
                  0000cd36    0000005a     nwk_ioctl.obj (.text:nwk_radioControl)
                  0000cd90    00000058     BlueRobin_RX_868MHz.lib : BRRX_API.obj (.text:BRRX_Start_v)
                  0000cde8    00000058                             : BRRX_Scheduler.obj (.text:BRRX__StartNewSearch_v)
                  0000ce40    00000058     vti_ps.obj (.text:ps_write_register)
                  0000ce98    00000058     rts430x.lib : div32u.obj (.text)
                  0000cef0    00000056     BlueRobin_RX_868MHz.lib : BRRX_Radio.obj (.text:BRRX_RadioCalibrate_v)
                  0000cf46    00000054     bluerobin.obj (.text:display_calories)
                  0000cf9a    00000054     rfbsl.obj (.text:sx_rfbsl)
                  0000cfee    00000052     BlueRobin_RX_868MHz.lib : BRRX_Scheduler.obj (.text:TestStartTime_v)
                  0000d040    00000052     nwk_ioctl.obj (.text:nwk_rawSend)
                  0000d092    00000052     vti_ps.obj (.text:ps_twi_read)
                  0000d0e4    0000004e     BlueRobin_RX_868MHz.lib : BRRX_Scheduler.obj (.text:SearchPacketCheck_u8)
                  0000d132    0000004c     date.obj (.text:add_day)
                  0000d17e    0000004c     ports.obj (.text:button_repeat_function)
                  0000d1ca    0000004c     acceleration.obj (.text:convert_acceleration_value_to_mgrav)
                  0000d216    0000004c     vti_ps.obj (.text:ps_get_temp)
                  0000d262    0000004c     rts430x.lib : fs_toul.obj (.text)
                  0000d2ae    0000004a                 : fs_cmp.obj (.text)
                  0000d2f8    0000004a     buzzer.obj (.text:toggle_buzzer)
                  0000d342    00000048     BlueRobin_RX_868MHz.lib : BR_Common.obj (.text:BR__CalcRandomTimeOffset_u16)
                  0000d38a    00000048     nwk_api.obj (.text:SMPL_Receive)
                  0000d3d2    00000048     bluerobin.obj (.text:stop_bluerobin)
                  0000d41a    00000046     pmm.obj (.text:SetVCoreUp)
                  0000d460    00000046     rts430x.lib : autoinit.obj (.text:_auto_init)
                  0000d4a6    00000046     display.obj (.text:display_hours)
                  0000d4ec    00000046     mrfi.obj (.text:mrfiRadioInterfaceReadReg)
                  0000d532    00000046     rts430x.lib : fs_tou.obj (.text)
                  0000d578    00000046     buzzer.obj (.text:start_buzzer)
                  0000d5be    00000044     rf1a.obj (.text:ReadBurstReg)
                  0000d602    00000044     rf1a.obj (.text:WriteBurstReg)
                  0000d646    00000044     countdown.obj (.text:elapsed_tick)
                  0000d68a    00000044     nwk_ping.obj (.text:smpl_send_ping_reply$32)
                  0000d6ce    00000042     BlueRobin_RX_868MHz.lib : BRRX_Scheduler.obj (.text:PacketHit_u8)
                  0000d710    00000042     main.obj (.text:process_requests)
                  0000d752    00000042     vti_ps.obj (.text:ps_twi_write)
                  0000d794    00000040     BlueRobin_RX_868MHz.lib : BRRX_API.obj (.text:BRRX__NewInfo_v)
                  0000d7d4    00000040     altitude.obj (.text:reset_altitude_measurement)
                  0000d814    00000040     rts430x.lib : div32s.obj (.text)
                  0000d854    00000040     main_ED_BM.obj (.text:simpliciti_main_tx_only)
                  0000d894    00000040     altitude.obj (.text:start_altitude_measurement)
                  0000d8d4    0000003e     BlueRobin_RX_868MHz.lib : BRRX_API.obj (.text:BRRX_SetID_v)
                  0000d912    0000003e                             : BRRX_Packet.obj (.text:BRRX__DecodePacket_u8)
                  0000d950    0000003e     mrfi.obj (.text:Mrfi_RxAddrIsFiltered$25)
                  0000d98e    0000003e     rts430x.lib : lsl32.obj (.text:l_lsl_const)
                  0000d9cc    0000003e                 : lsr32.obj (.text:l_lsr_const)
                  0000da0a    0000003c     BlueRobin_RX_868MHz.lib : BRRX_Timer.obj (.text:BRRX_TimerTask_v)
                  0000da46    0000003c     nwk.obj (.text:nwk_findPeer)
                  0000da82    0000003c     nwk.obj (.text:nwk_getNextConnection)
                  0000dabe    0000003c     nwk.obj (.text:nwk_isLinkDuplicate)
                  0000dafa    0000003c     stopwatch.obj (.text:update_stopwatch_timer)
                  0000db36    00000038     BlueRobin_RX_868MHz.lib : BRRX_API.obj (.text:BRRX_Init_v)
                  0000db6e    00000038     rf1a.obj (.text:WriteSingleReg)
                  0000dba6    00000038     radio.obj (.text:_isr:radio_ISR)
                  0000dbde    00000038     nwk.obj (.text:initializeConnection$30)
                  0000dc16    00000036     main.obj (.text:main)
                  0000dc4c    00000036     nwk_mgmt.obj (.text:nwk_processMgmt)
                  0000dc82    00000036     rts430x.lib : fs_itof.obj (.text)
                  0000dcb8    00000034     BlueRobin_RX_868MHz.lib : BR_Common.obj (.text:BR__CalcCRC_u8)
                  0000dcec    00000034     mrfi.obj (.text:MRFI_ReplyDelay)
                  0000dd20    00000034     BlueRobin_RX_868MHz.lib : BRRX_Scheduler.obj (.text:TrimRFCLK_Offset_v)
                  0000dd54    00000034     mrfi.obj (.text:mrfiRadioInterfaceWriteReg)
                  0000dd88    00000034     mrfi.obj (.text:mrfiRadioInterfaceWriteTxFifo)
                  0000ddbc    00000032     BlueRobin_RX_868MHz.lib : BRRX_Radio.obj (.text:BRRX_RadioStop_v)
                  0000ddee    00000032     vti_as.obj (.text:as_stop)
                  0000de20    00000032     radio.obj (.text:radio_reset)
                  0000de52    00000032     bluerobin.obj (.text:reset_bluerobin)
                  0000de84    00000032     rts430x.lib : fs_ultof.obj (.text)
                  0000deb6    00000032     alarm.obj (.text:sx_alarm)
                  0000dee8    00000030     mrfi.obj (.text:mrfiRadioInterfaceReadRxFifo)
                  0000df18    00000030     nwk.obj (.text:nwk_isValidReply)
                  0000df48    00000030     nwk_link.obj (.text:nwk_linkInit)
                  0000df78    00000030     nwk_ioctl.obj (.text:nwk_rawReceive)
                  0000dfa8    00000030     nwk_frame.obj (.text:nwk_sendFrame)
                  0000dfd8    0000002e     mrfi.obj (.text:Mrfi_CalculateRssi$25)
                  0000e006    0000002e     vti_as.obj (.text:as_init)
                  0000e034    0000002c     mrfi.obj (.text:Mrfi_RxModeOff$25)
                  0000e060    0000002c     nwk_api.obj (.text:SMPL_Init)
                  0000e08c    0000002c     nwk_QMgmt.obj (.text:nwk_QadjustOrder)
                  0000e0b8    0000002c     rts430x.lib : div16s.obj (.text)
                  0000e0e4    0000002a     BlueRobin_RX_868MHz.lib : BRRX_API.obj (.text:BRRX_GetID_u32)
                  0000e10e    0000002a                             : BRRX_Scheduler.obj (.text:SearchPacketMissed_u8)
                  0000e138    0000002a     timer.obj (.text:Timer0_A3_Start)
                  0000e162    0000002a     rts430x.lib : boot.obj (.text:_isr:_c_int00_noexit)
                  0000e18c    0000002a     vti_as.obj (.text:as_get_data)
                  0000e1b6    0000002a     rfbsl.obj (.text:display_rfbsl)
                  0000e1e0    0000002a     display.obj (.text:lcd_init)
                  0000e20a    0000002a     countdown.obj (.text:reaches_zero)
                  0000e234    00000028     nwk.obj (.text:map_lid2idx$30)
                  0000e25c    00000028     nwk.obj (.text:nwk_getConnInfo)
                  0000e284    00000028     nwk_join.obj (.text:nwk_joinInit)
                  0000e2ac    00000028     rfsimpliciti.obj (.text:sx_ppt)
                  0000e2d4    00000028     rfsimpliciti.obj (.text:sx_rf)
                  0000e2fc    00000026     pmm.obj (.text:SetVCore)
                  0000e322    00000026     pmm.obj (.text:SetVCoreDown)
                  0000e348    00000026     nwk_link.obj (.text:handleLinkRequest$34)
                  0000e36e    00000026     ports.obj (.text:init_buttons)
                  0000e394    00000026     vti_ps.obj (.text:init_pressure_table)
                  0000e3ba    00000026     nwk.obj (.text:nwk_checkConnInfo)
                  0000e3e0    00000026     nwk_globals.obj (.text:nwk_globalsInit)
                  0000e406    00000026     rfsimpliciti.obj (.text:sx_sync)
                  0000e42c    00000024     BlueRobin_RX_868MHz.lib : BRRX_API.obj (.text:BRRX_GetState_t)
                  0000e450    00000024     mrfi.obj (.text:MRFI_SetRxAddrFilter)
                  0000e474    00000024     mrfi.obj (.text:MRFI_Sleep)
                  0000e498    00000024     rts430x.lib : memcmp.obj (.text:memcmp)
                  0000e4bc    00000024     nwk_ping.obj (.text:nwk_processPing)
                  0000e4e0    00000024     rts430x.lib : fs_utof.obj (.text)
                  0000e504    00000022     bsp.obj (.text:BSP_Delay)
                  0000e526    00000022     mrfi.obj (.text:MRFI_WakeUp)
                  0000e548    00000022     display.obj (.text:display_value)
                  0000e56a    00000022     countdown.obj (.text:mx_countdown)
                  0000e58c    00000022     nwk_link.obj (.text:nwk_processLink)
                  0000e5ae    00000022     rts430x.lib : mult32_f5hw.obj (.text)
                  0000e5d0    00000022     stopwatch.obj (.text:start_stopwatch)
                  0000e5f2    00000020     BlueRobin_RX_868MHz.lib : BRRX_API.obj (.text:BRRX_GetDistance_u16)
                  0000e612    00000020                             : BRRX_API.obj (.text:BRRX_GetSpeed_u8)
                  0000e632    00000020     nwk_frame.obj (.text:MRFI_RxCompleteISR)
                  0000e652    00000020     mrfi.obj (.text:MRFI_RxIdle)
                  0000e672    00000020     mrfi.obj (.text:MRFI_RxOn)
                  0000e692    00000020     nwk_frame.obj (.text:nwk_frameInit)
                  0000e6b2    00000020     clock.obj (.text:reset_clock)
                  0000e6d2    00000020     stopwatch.obj (.text:reset_stopwatch)
                  0000e6f2    00000020     buzzer.obj (.text:stop_buzzer)
                  0000e712    0000001e     mrfi.obj (.text:MRFI_EnableRxAddrFilter)
                  0000e730    0000001e     mrfi.obj (.text:MRFI_SetLogicalChannel)
                  0000e74e    0000001e     mrfi.obj (.text:Mrfi_DelayUsecSem$25)
                  0000e76c    0000001e     BlueRobin_RX_868MHz.lib : BRRX_Timer.obj (.text:SetAbsoluteTimer_v)
                  0000e78a    0000001e     display.obj (.text:display_symbol)
                  0000e7a8    0000001e     rts430x.lib : memmov.obj (.text:memmove)
                  0000e7c6    0000001e     nwk_globals.obj (.text:nwk_setMyAddress)
                  0000e7e4    0000001c     alarm.obj (.text:check_alarm)
                  0000e800    0000001c     display.obj (.text:clear_display_all)
                  0000e81c    0000001c     altitude.obj (.text:convert_ft_to_m)
                  0000e838    0000001c     altitude.obj (.text:convert_m_to_ft)
                  0000e854    0000001c     display.obj (.text:display_am_pm_symbol)
                  0000e870    0000001c     nwk_QMgmt.obj (.text:nwk_QInit)
                  0000e88c    0000001c     nwk_ioctl.obj (.text:nwk_deviceAddress)
                  0000e8a8    0000001c     nwk.obj (.text:nwk_putNumObjectIntoMsg)
                  0000e8c4    0000001c     altitude.obj (.text:stop_altitude_measurement)
                  0000e8e0    0000001c     acceleration.obj (.text:sx_acceleration)
                  0000e8fc    0000001a     BlueRobin_RX_868MHz.lib : BRRX_Scheduler.obj (.text:GetPacketTolerance_u8)
                  0000e916    0000001a     mrfi.obj (.text:MRFI_SetRFPwr)
                  0000e930    0000001a     mrfi.obj (.text:Mrfi_DelayUsec$25)
                  0000e94a    0000001a     mrfi.obj (.text:Mrfi_RandomBackoffDelay$25)
                  0000e964    0000001a     adc12.obj (.text:_isr:ADC12ISR)
                  0000e97e    0000001a     acceleration.obj (.text:do_acceleration_measurement)
                  0000e998    0000001a     stopwatch.obj (.text:stop_stopwatch)
                  0000e9b2    0000001a     bluerobin.obj (.text:sx_caldist)
                  0000e9cc    00000018     temperature.obj (.text:convert_C_to_F)
                  0000e9e4    00000018     clock.obj (.text:convert_hour_to_12H_format)
                  0000e9fc    00000018     test.obj (.text:display_all_on)
                  0000ea14    00000018     nwk_join.obj (.text:nwk_processJoin)
                  0000ea2c    00000018     alarm.obj (.text:reset_alarm)
                  0000ea44    00000016     mrfi.obj (.text:MRFI_RandomByte)
                  0000ea5a    00000016     mrfi.obj (.text:Mrfi_RxModeOn$25)
                  0000ea70    00000016     rf1a.obj (.text:ReadSingleReg)
                  0000ea86    00000016     ports.obj (.text:button_repeat_on)
                  0000ea9c    00000016     clock.obj (.text:display_selection_Timeformat1)
                  0000eab2    00000016     bluerobin.obj (.text:display_selection_User_Gender)
                  0000eac8    00000016     rts430x.lib : div16u.obj (.text)
                  0000eade    00000016                 : mult16_f5hw.obj (.text)
                  0000eaf4    00000016     stopwatch.obj (.text:sx_stopwatch)
                  0000eb0a    00000014     timer.obj (.text:Timer0_Init)
                  0000eb1e    00000014     buzzer.obj (.text:countdown_buzzer)
                  0000eb32    00000014     test.obj (.text:display_all_off)
                  0000eb46    00000014     rfsimpliciti.obj (.text:display_ppt)
                  0000eb5a    00000014     rfsimpliciti.obj (.text:display_rf)
                  0000eb6e    00000014     rfsimpliciti.obj (.text:display_sync)
                  0000eb82    00000014     nwk_api.obj (.text:ioctlPreInitAccessIsOK$28)
                  0000eb96    00000014     stopwatch.obj (.text:is_stopwatch)
                  0000ebaa    00000014     date.obj (.text:reset_date)
                  0000ebbe    00000014     countdown.obj (.text:sx_countdown)
                  0000ebd2    00000012     BlueRobin_RX_868MHz.lib : BRRX_Radio.obj (.text:BlueRobin_RadioISR_v)
                  0000ebe4    00000012     temperature.obj (.text:convert_F_to_C)
                  0000ebf6    00000012     acceleration.obj (.text:is_acceleration_measurement)
                  0000ec08    00000012     altitude.obj (.text:is_altitude_measurement)
                  0000ec1a    00000012     rts430x.lib : memcpy.obj (.text:memcpy)
                  0000ec2c    00000012                 : memset.obj (.text:memset)
                  0000ec3e    00000012     nwk_globals.obj (.text:nwk_getMyAddress)
                  0000ec50    00000012     nwk_join.obj (.text:nwk_setJoinToken)
                  0000ec62    00000012     nwk_link.obj (.text:nwk_setLinkToken)
                  0000ec74    00000012     radio.obj (.text:open_radio)
                  0000ec86    00000012     battery.obj (.text:reset_batt_measurement)
                  0000ec98    00000010     BlueRobin_RX_868MHz.lib : BRRX_Timer.obj (.text:BRRX__StartTimer_v)
                  0000eca8    00000010     bsp.obj (.text:BSP_InitBoard)
                  0000ecb8    00000010     mrfi.obj (.text:MRFI_DelayMs)
                  0000ecc8    00000010     radio.obj (.text:close_radio)
                  0000ecd8    00000010     rts430x.lib : lsl32.obj (.text:l_lsl)
                  0000ece8    00000010                 : lsr32.obj (.text:l_lsr)
                  0000ecf8    00000010     radio.obj (.text:radio_powerdown)
                  0000ed08    00000010     clock.obj (.text:sx_time)
                  0000ed18    0000000e     acceleration.obj (.text:acceleration_value_is_positive)
                  0000ed26    0000000e     bluerobin.obj (.text:display_caldist)
                  0000ed34    0000000e     clock.obj (.text:is_hour_am)
                  0000ed42    0000000e     stopwatch.obj (.text:mx_stopwatch)
                  0000ed50    0000000e     acceleration.obj (.text:reset_acceleration)
                  0000ed5e    0000000e     display.obj (.text:set_blink_rate)
                  0000ed6c    0000000e     countdown.obj (.text:stop_countdown)
                  0000ed7a    0000000c     BlueRobin_RX_868MHz.lib : BRRX_Timer.obj (.text:BRRX__GetCurrentTime_u16)
                  0000ed86    0000000c     mrfi.obj (.text:MRFI_PostKillSem)
                  0000ed92    0000000c     mrfi.obj (.text:MRFI_Receive)
                  0000ed9e    0000000c     timer.obj (.text:Timer0_Stop)
                  0000edaa    0000000c     display.obj (.text:clear_display)
                  0000edb6    0000000c     nwk_ping.obj (.text:handlePingRequest$32)
                  0000edc2    0000000c     main.obj (.text:idle_loop)
                  0000edce    0000000c     bluerobin.obj (.text:is_bluerobin)
                  0000edda    0000000c     bluerobin.obj (.text:is_bluerobin_searching)
                  0000ede6    0000000c     countdown.obj (.text:is_countdown_active)
                  0000edf2    0000000c     rfsimpliciti.obj (.text:is_rf)
                  0000edfe    0000000c     temperature.obj (.text:is_temp_measurement)
                  0000ee0a    0000000c     nwk.obj (.text:nwk_getNumObjectFromMsg)
                  0000ee16    0000000c     nwk_globals.obj (.text:nwk_setAPAddress)
                  0000ee22    0000000c     vti_ps.obj (.text:ps_start)
                  0000ee2e    0000000c     display.obj (.text:switch_seg)
                  0000ee3a    0000000c     menu.obj (.text:update_acceleration)
                  0000ee46    0000000c     menu.obj (.text:update_alarm)
                  0000ee52    0000000c     menu.obj (.text:update_battery_voltage)
                  0000ee5e    0000000c     menu.obj (.text:update_countdown)
                  0000ee6a    0000000c     menu.obj (.text:update_stopwatch)
                  0000ee76    0000000c     menu.obj (.text:update_temperature)
                  0000ee82    0000000a     BlueRobin_RX_868MHz.lib : BRRX_Timer.obj (.text:BRRX__IsTimerRunning_v)
                  0000ee8c    0000000a                             : BRRX_Timer.obj (.text:BRRX__StopTimer_v)
                  0000ee96    0000000a     ports.obj (.text:button_repeat_off)
                  0000eea0    0000000a     nwk_mgmt.obj (.text:nwk_mgmtInit)
                  0000eeaa    0000000a     nwk_ping.obj (.text:nwk_pingInit)
                  0000eeb4    0000000a     vti_ps.obj (.text:ps_stop)
                  0000eebe    0000000a     buzzer.obj (.text:reset_buzzer)
                  0000eec8    0000000a     rfsimpliciti.obj (.text:reset_rf)
                  0000eed2    0000000a     temperature.obj (.text:reset_temp_measurement)
                  0000eedc    0000000a     menu.obj (.text:update_date)
                  0000eee6    0000000a     menu.obj (.text:update_time)
                  0000eef0    00000008     BlueRobin_RX_868MHz.lib : BRRX_Radio.obj (.text:BRRX_GetFS_Offset_s8)
                  0000eef8    00000008                             : BRRX_API.obj (.text:BRRX_SetSignalLevelReduction_v)
                  0000ef00    00000008     timer.obj (.text:Timer0_A3_Stop)
                  0000ef08    00000008     timer.obj (.text:Timer0_Start)
                  0000ef10    00000008     alarm.obj (.text:stop_alarm)
                  0000ef18    00000008     main.obj (.text:to_lpm)
                  0000ef20    00000006     BlueRobin_RX_868MHz.lib : BRRX_API.obj (.text:BRRX_GetHeartRate_u8)
                  0000ef26    00000006                             : BRRX_API.obj (.text:BRRX_SetPowerdownDelay_v)
                  0000ef2c    00000006                             : BRRX_API.obj (.text:BRRX_SetSearchTimeout_v)
                  0000ef32    00000006                             : BRRX_API.obj (.text:BRRX_Stop_v)
                  0000ef38    00000006                             : BRRX_Timer.obj (.text:BRRX__CallTimer_v)
                  0000ef3e    00000006                             : BRRX_Timer.obj (.text:BRRX__InitTimer_v)
                  0000ef44    00000006     mrfi.obj (.text:MRFI_GetRadioState)
                  0000ef4a    00000006     display.obj (.text:clear_blink_mem)
                  0000ef50    00000006     bluerobin.obj (.text:mx_bluerobin)
                  0000ef56    00000006     nwk.obj (.text:nwk_freeConnection)
                  0000ef5c    00000006     nwk_globals.obj (.text:nwk_getBCastAddress)
                  0000ef62    00000006     display.obj (.text:start_blink)
                  0000ef68    00000006     countdown.obj (.text:start_countdown)
                  0000ef6e    00000006     display.obj (.text:stop_blink)
                  0000ef74    00000004     rts430x.lib : pre_init.obj (.text:_system_pre_init)
                  0000ef78    00000004                 : exit.obj (.text:abort)
                  0000ef7c    00000004     nwk.obj (.text:nwk_NVObj)
                  0000ef80    00000004     nwk_ioctl.obj (.text:nwk_connectionControl)
                  0000ef84    00000004     nwk_frame.obj (.text:nwk_getMyRxType)
                  0000ef88    00000004     nwk_globals.obj (.text:nwk_getProtocolVersion)
                  0000ef8c    00000004     nwk_freq.obj (.text:nwk_processFreq)
                  0000ef90    00000004     nwk_security.obj (.text:nwk_processSecurity)
                  0000ef94    00000004     vti_ps.obj (.text:twi_delay)
                  0000ef98    00000002     rts430x.lib : _lock.obj (.text:_nop)
                  0000ef9a    00000002     acceleration.obj (.text:display_acceleration)
                  0000ef9c    00000002     user.obj (.text:dummy)
                  0000ef9e    00000002     altitude.obj (.text:sx_altitude)

.const     0    0000efa0    00000621     
                  0000efa0    0000021f     display.obj (.const:int_to_array_conversion_table)
                  0000f1bf    00000001     --HOLE-- [fill = 0]
                  0000f1c0    00000120     menu.obj (.const)
                  0000f2e0    00000100     BlueRobin_RX_868MHz.lib : BR_Common.obj (.const:RandomValue_u8)
                  0000f3e0    0000008c     <whole-program> (.const:.string)
                  0000f46c    00000040     mrfi.obj (.const:mrfiRadioCfg)
                  0000f4ac    0000002b     display.obj (.const:.string:lcd_font)
                  0000f4d7    00000001     --HOLE-- [fill = 0]
                  0000f4d8    0000002a     display.obj (.const:.string:segments_bitmask)
                  0000f502    00000027     BlueRobin_RX_868MHz.lib : BRRX_Radio.obj (.const:RadioSettings_t)
                  0000f529    00000001     --HOLE-- [fill = 0]
                  0000f52a    00000022     vti_ps.obj (.const:h0)
                  0000f54c    00000022     vti_ps.obj (.const:p0)
                  0000f56e    00000018     nwk_frame.obj (.const:func$27)
                  0000f586    0000000e     acceleration.obj (.const:mgrav_per_bit)
                  0000f594    00000009     nwk_globals.obj (.const)
                  0000f59d    00000001     --HOLE-- [fill = 0]
                  0000f59e    00000008     clock.obj (.const:selection_Timeformat)
                  0000f5a6    00000008     bluerobin.obj (.const:selection_User_Gender)
                  0000f5ae    00000004     mrfi.obj (.const:.string:mrfiBroadcastAddr)
                  0000f5b2    00000004     mrfi.obj (.const:.string:mrfiLogicalChanTable$25)
                  0000f5b6    00000004     BlueRobin_RX_868MHz.lib : BRRX_Resource.obj (.const)
                  0000f5ba    00000003     mrfi.obj (.const:.string:mrfiRFPowerTable$25)
                  0000f5bd    00000001     --HOLE-- [fill = 0]
                  0000f5be    00000001     mrfi.obj (.const)
                  0000f5bf    00000001     --HOLE-- [fill = 0]
                  0000f5c0    00000001     nwk_frame.obj (.const)

.cinit     0    0000f5c2    00000188     
                  0000f5c2    0000013d     <whole-program> (.cinit)
                  0000f6ff    00000001     --HOLE-- [fill = 0]
                  0000f700    00000017     BlueRobin_RX_868MHz.lib : BRRX_Scheduler.obj (.cinit)
                  0000f717    00000001     --HOLE-- [fill = 0]
                  0000f718    00000017                             : BRRX_Timer.obj (.cinit)
                  0000f72f    00000001     --HOLE-- [fill = 0]
                  0000f730    0000000c                             : BRRX_Radio.obj (.cinit)
                  0000f73c    0000000b                             : BRRX_Packet.obj (.cinit)
                  0000f747    00000001     --HOLE-- [fill = 0]
                  0000f748    00000002     (.pad.cinit) [fill = 0]

.int48     0    0000ffe0    00000002     
                  0000ffe0    00000002     <whole-program> (.int48)

.int53     0    0000ffea    00000002     
                  0000ffea    00000002     radio.obj (.int53)

.int54     0    0000ffec    00000002     
                  0000ffec    00000002     <whole-program> (.int54)

.int55     0    0000ffee    00000002     
                  0000ffee    00000002     <whole-program> (.int55)

.int56     0    0000fff0    00000002     
                  0000fff0    00000002     <whole-program> (.int56)

.reset     0    0000fffe    00000002     
                  0000fffe    00000002     rts430x.lib : boot.obj (.reset)


GLOBAL SYMBOLS: SORTED ALPHABETICALLY BY Name 

address    name
--------   ----
00001c00   .bss
00008000   .text
00000700   ADC12CTL0
00000701   ADC12CTL0_H
00000700   ADC12CTL0_L
00000702   ADC12CTL1
00000703   ADC12CTL1_H
00000702   ADC12CTL1_L
00000704   ADC12CTL2
00000705   ADC12CTL2_H
00000704   ADC12CTL2_L
0000070c   ADC12IE
0000070d   ADC12IE_H
0000070c   ADC12IE_L
0000070a   ADC12IFG
0000070b   ADC12IFG_H
0000070a   ADC12IFG_L
0000e964   ADC12ISR
0000070e   ADC12IV
0000070f   ADC12IV_H
0000070e   ADC12IV_L
00000710   ADC12MCTL0
00000711   ADC12MCTL1
0000071a   ADC12MCTL10
0000071b   ADC12MCTL11
0000071c   ADC12MCTL12
0000071d   ADC12MCTL13
0000071e   ADC12MCTL14
0000071f   ADC12MCTL15
00000712   ADC12MCTL2
00000713   ADC12MCTL3
00000714   ADC12MCTL4
00000715   ADC12MCTL5
00000716   ADC12MCTL6
00000717   ADC12MCTL7
00000718   ADC12MCTL8
00000719   ADC12MCTL9
00000720   ADC12MEM0
00000721   ADC12MEM0_H
00000720   ADC12MEM0_L
00000722   ADC12MEM1
00000734   ADC12MEM10
00000735   ADC12MEM10_H
00000734   ADC12MEM10_L
00000736   ADC12MEM11
00000737   ADC12MEM11_H
00000736   ADC12MEM11_L
00000738   ADC12MEM12
00000739   ADC12MEM12_H
00000738   ADC12MEM12_L
0000073a   ADC12MEM13
0000073b   ADC12MEM13_H
0000073a   ADC12MEM13_L
0000073c   ADC12MEM14
0000073d   ADC12MEM14_H
0000073c   ADC12MEM14_L
0000073e   ADC12MEM15
0000073f   ADC12MEM15_H
0000073e   ADC12MEM15_L
00000723   ADC12MEM1_H
00000722   ADC12MEM1_L
00000724   ADC12MEM2
00000725   ADC12MEM2_H
00000724   ADC12MEM2_L
00000726   ADC12MEM3
00000727   ADC12MEM3_H
00000726   ADC12MEM3_L
00000728   ADC12MEM4
00000729   ADC12MEM4_H
00000728   ADC12MEM4_L
0000072a   ADC12MEM5
0000072b   ADC12MEM5_H
0000072a   ADC12MEM5_L
0000072c   ADC12MEM6
0000072d   ADC12MEM6_H
0000072c   ADC12MEM6_L
0000072e   ADC12MEM7
0000072f   ADC12MEM7_H
0000072e   ADC12MEM7_L
00000730   ADC12MEM8
00000731   ADC12MEM8_H
00000730   ADC12MEM8_L
00000732   ADC12MEM9
00000733   ADC12MEM9_H
00000732   ADC12MEM9_L
000009c0   AESACTL0
000009c1   AESACTL0_H
000009c0   AESACTL0_L
000009c8   AESADIN
000009c9   AESADIN_H
000009c8   AESADIN_L
000009ca   AESADOUT
000009cb   AESADOUT_H
000009ca   AESADOUT_L
000009c6   AESAKEY
000009c7   AESAKEY_H
000009c6   AESAKEY_L
000009c4   AESASTAT
000009c5   AESASTAT_H
000009c4   AESASTAT_L
0000e5f2   BRRX_GetDistance_u16
0000eef0   BRRX_GetFS_Offset_s8
0000ef20   BRRX_GetHeartRate_u8
0000e0e4   BRRX_GetID_u32
0000e612   BRRX_GetSpeed_u8
0000e42c   BRRX_GetState_t
0000db36   BRRX_Init_v
0000cb0a   BRRX_PacketEndTimerTask_v
0000cef0   BRRX_RadioCalibrate_v
0000c574   BRRX_RadioInit_v
0000c0d8   BRRX_RadioReceive_v
0000ddbc   BRRX_RadioStop_v
0000d8d4   BRRX_SetID_v
0000ef26   BRRX_SetPowerdownDelay_v
0000ef2c   BRRX_SetSearchTimeout_v
0000eef8   BRRX_SetSignalLevelReduction_v
0000cd90   BRRX_Start_v
0000ef32   BRRX_Stop_v
0000da0a   BRRX_TimerTask_v
0000ef38   BRRX__CallTimer_v
00001ef2   BRRX__CurrentPacketTime_u16
00001ef4   BRRX__CurrentSignalLevel_u8
0000d912   BRRX__DecodePacket_u8
0000f5b6   BRRX__First_TXCB_t
0000ed7a   BRRX__GetCurrentTime_u16
0000ef3e   BRRX__InitTimer_v
0000ee82   BRRX__IsTimerRunning_v
0000f5b8   BRRX__Last_TXCB_t
00001e5c   BRRX__MaxSearchTries_u8
0000d794   BRRX__NewInfo_v
00001eb8   BRRX__NextEndTime_u16
00001eb6   BRRX__NextEventTime_u16
00001ebb   BRRX__NextFrequencyOffset_s8
00001eba   BRRX__NextFrequency_u8
00001e84   BRRX__PacketBits_t
00001e5a   BRRX__PowerdownDelay_u8
0000852a   BRRX__Scheduler_v
00001e5d   BRRX__SearchRatio_u8
00001e5b   BRRX__SignalLevelReduction
0000cde8   BRRX__StartNewSearch_v
0000ec98   BRRX__StartTimer_v
00001ef0   BRRX__StatusFlags_t
0000ee8c   BRRX__StopTimer_v
00001dd2   BRRX__TXCB_t
00001e5e   BRRX__TestMode_u8
00001ebc   BRRX__TimerState_t
0000dcb8   BR__CalcCRC_u8
0000d342   BR__CalcRandomTimeOffset_u16
0000e504   BSP_Delay
0000eca8   BSP_InitBoard
0000ebd2   BlueRobin_RadioISR_v
0000ef78   C$$EXIT
000008c0   CBCTL0
000008c1   CBCTL0_H
000008c0   CBCTL0_L
000008c2   CBCTL1
000008c3   CBCTL1_H
000008c2   CBCTL1_L
000008c4   CBCTL2
000008c5   CBCTL2_H
000008c4   CBCTL2_L
000008c6   CBCTL3
000008c7   CBCTL3_H
000008c6   CBCTL3_L
000008cc   CBINT
000008cd   CBINT_H
000008cc   CBINT_L
000008ce   CBIV
00000150   CRCDI
00000152   CRCDIRB
00000153   CRCDIRB_H
00000152   CRCDIRB_L
00000151   CRCDI_H
00000150   CRCDI_L
00000154   CRCINIRES
00000155   CRCINIRES_H
00000154   CRCINIRES_L
00000156   CRCRESR
00000157   CRCRESR_H
00000156   CRCRESR_L
00000510   DMA0CTL
00000511   DMA0CTL_H
00000510   DMA0CTL_L
00000516   DMA0DA
00000516   DMA0DAL
00000512   DMA0SA
00000512   DMA0SAL
0000051a   DMA0SZ
00000520   DMA1CTL
00000521   DMA1CTL_H
00000520   DMA1CTL_L
00000526   DMA1DA
00000526   DMA1DAL
00000522   DMA1SA
00000522   DMA1SAL
0000052a   DMA1SZ
00000530   DMA2CTL
00000531   DMA2CTL_H
00000530   DMA2CTL_L
00000536   DMA2DA
00000536   DMA2DAL
00000532   DMA2SA
00000532   DMA2SAL
0000053a   DMA2SZ
00000500   DMACTL0
00000501   DMACTL0_H
00000500   DMACTL0_L
00000502   DMACTL1
00000503   DMACTL1_H
00000502   DMACTL1_L
00000504   DMACTL2
00000505   DMACTL2_H
00000504   DMACTL2_L
00000506   DMACTL3
00000507   DMACTL3_H
00000506   DMACTL3_L
00000508   DMACTL4
00000509   DMACTL4_H
00000508   DMACTL4_L
0000050e   DMAIV
0000050f   DMAIV_H
0000050e   DMAIV_L
00000140   FCTL1
00000141   FCTL1_H
00000140   FCTL1_L
00000144   FCTL3
00000145   FCTL3_H
00000144   FCTL3_L
00000146   FCTL4
00000147   FCTL4_H
00000146   FCTL4_L
00000a04   LCDBBLKCTL
00000a05   LCDBBLKCTL_H
00000a04   LCDBBLKCTL_L
00000a12   LCDBCPCTL
00000a13   LCDBCPCTL_H
00000a12   LCDBCPCTL_L
00000a00   LCDBCTL0
00000a01   LCDBCTL0_H
00000a00   LCDBCTL0_L
00000a02   LCDBCTL1
00000a03   LCDBCTL1_H
00000a02   LCDBCTL1_L
00000a1e   LCDBIV
00000a40   LCDBM1
00000a49   LCDBM10
00000a4a   LCDBM11
00000a4b   LCDBM12
00000a4c   LCDBM13
00000a4d   LCDBM14
00000a4e   LCDBM15
00000a4f   LCDBM16
00000a50   LCDBM17
00000a51   LCDBM18
00000a52   LCDBM19
00000a41   LCDBM2
00000a53   LCDBM20
00000a54   LCDBM21
00000a55   LCDBM22
00000a56   LCDBM23
00000a57   LCDBM24
00000a42   LCDBM3
00000a43   LCDBM4
00000a44   LCDBM5
00000a45   LCDBM6
00000a46   LCDBM7
00000a47   LCDBM8
00000a48   LCDBM9
00000a06   LCDBMEMCTL
00000a07   LCDBMEMCTL_H
00000a06   LCDBMEMCTL_L
00000a0a   LCDBPCTL0
00000a0b   LCDBPCTL0_H
00000a0a   LCDBPCTL0_L
00000a0c   LCDBPCTL1
00000a0d   LCDBPCTL1_H
00000a0c   LCDBPCTL1_L
00000a0e   LCDBPCTL2
00000a0f   LCDBPCTL2_H
00000a0e   LCDBPCTL2_L
00000a10   LCDBPCTL3
00000a11   LCDBPCTL3_H
00000a10   LCDBPCTL3_L
00000a08   LCDBVCTL
00000a09   LCDBVCTL_H
00000a08   LCDBVCTL_L
00000a20   LCDM1
00000a29   LCDM10
00000a2a   LCDM11
00000a2b   LCDM12
00000a2c   LCDM13
00000a2d   LCDM14
00000a2e   LCDM15
00000a2f   LCDM16
00000a30   LCDM17
00000a31   LCDM18
00000a32   LCDM19
00000a21   LCDM2
00000a33   LCDM20
00000a34   LCDM21
00000a35   LCDM22
00000a36   LCDM23
00000a37   LCDM24
00000a22   LCDM3
00000a23   LCDM4
00000a24   LCDM5
00000a25   LCDM6
00000a26   LCDM7
00000a27   LCDM8
00000a28   LCDM9
0000ecd8   L_LSL
0000d9c6   L_LSL_1
0000d9a2   L_LSL_10
0000d99e   L_LSL_11
0000d99a   L_LSL_12
0000d996   L_LSL_13
0000d992   L_LSL_14
0000d98e   L_LSL_15
0000d9c2   L_LSL_2
0000d9be   L_LSL_3
0000d9ba   L_LSL_4
0000d9b6   L_LSL_5
0000d9b2   L_LSL_6
0000d9ae   L_LSL_7
0000d9aa   L_LSL_8
0000d9a6   L_LSL_9
0000ece8   L_LSR
0000da04   L_LSR_1
0000d9e0   L_LSR_10
0000d9dc   L_LSR_11
0000d9d8   L_LSR_12
0000d9d4   L_LSR_13
0000d9d0   L_LSR_14
0000d9cc   L_LSR_15
0000da00   L_LSR_2
0000d9fc   L_LSR_3
0000d9f8   L_LSR_4
0000d9f4   L_LSR_5
0000d9f0   L_LSR_6
0000d9ec   L_LSR_7
0000d9e8   L_LSR_8
0000d9e4   L_LSR_9
000004c4   MAC
000004da   MAC32H
000004db   MAC32H_H
000004da   MAC32H_L
000004d8   MAC32L
000004d9   MAC32L_H
000004d8   MAC32L_L
000004c6   MACS
000004de   MACS32H
000004df   MACS32H_H
000004de   MACS32H_L
000004dc   MACS32L
000004dd   MACS32L_H
000004dc   MACS32L_L
000004c7   MACS_H
000004c6   MACS_L
000004c5   MAC_H
000004c4   MAC_L
000004c0   MPY
000004ec   MPY32CTL0
000004ed   MPY32CTL0_H
000004ec   MPY32CTL0_L
000004d2   MPY32H
000004d3   MPY32H_H
000004d2   MPY32H_L
000004d0   MPY32L
000004d1   MPY32L_H
000004d0   MPY32L_L
000004c2   MPYS
000004d6   MPYS32H
000004d7   MPYS32H_H
000004d6   MPYS32H_L
000004d4   MPYS32L
000004d5   MPYS32L_H
000004d4   MPYS32L_L
000004c3   MPYS_H
000004c2   MPYS_L
000004c1   MPY_H
000004c0   MPY_L
0000ecb8   MRFI_DelayMs
0000e712   MRFI_EnableRxAddrFilter
0000ef44   MRFI_GetRadioState
000093e0   MRFI_Init
0000ed86   MRFI_PostKillSem
0000c986   MRFI_RadioIsr
0000ea44   MRFI_RandomByte
0000ed92   MRFI_Receive
0000dcec   MRFI_ReplyDelay
0000e632   MRFI_RxCompleteISR
0000e652   MRFI_RxIdle
0000e672   MRFI_RxOn
0000e730   MRFI_SetLogicalChannel
0000e916   MRFI_SetRFPwr
0000e450   MRFI_SetRxAddrFilter
0000e474   MRFI_Sleep
0000aecc   MRFI_Transmit
0000e526   MRFI_WakeUp
000004c8   OP2
000004e2   OP2H
000004e3   OP2H_H
000004e2   OP2H_L
000004e0   OP2L
000004e1   OP2L_H
000004e0   OP2L_L
000004c9   OP2_H
000004c8   OP2_L
0000020e   P1IV
000001c8   P1MAP01
000001c9   P1MAP01_H
000001c8   P1MAP01_L
000001ca   P1MAP23
000001cb   P1MAP23_H
000001ca   P1MAP23_L
000001cc   P1MAP45
000001cd   P1MAP45_H
000001cc   P1MAP45_L
000001ce   P1MAP67
000001cf   P1MAP67_H
000001ce   P1MAP67_L
0000021e   P2IV
000001d0   P2MAP01
000001d1   P2MAP01_H
000001d0   P2MAP01_L
000001d2   P2MAP23
000001d3   P2MAP23_H
000001d2   P2MAP23_L
000001d4   P2MAP45
000001d5   P2MAP45_H
000001d4   P2MAP45_L
000001d6   P2MAP67
000001d7   P2MAP67_H
000001d6   P2MAP67_L
000001d8   P3MAP01
000001d9   P3MAP01_H
000001d8   P3MAP01_L
000001da   P3MAP23
000001db   P3MAP23_H
000001da   P3MAP23_L
000001dc   P3MAP45
000001dd   P3MAP45_H
000001dc   P3MAP45_L
000001de   P3MAP67
000001df   P3MAP67_H
000001de   P3MAP67_L
00000204   PADIR
00000205   PADIR_H
00000204   PADIR_L
00000208   PADS
00000209   PADS_H
00000208   PADS_L
0000021a   PAIE
00000218   PAIES
00000219   PAIES_H
00000218   PAIES_L
0000021b   PAIE_H
0000021a   PAIE_L
0000021c   PAIFG
0000021d   PAIFG_H
0000021c   PAIFG_L
00000200   PAIN
00000201   PAIN_H
00000200   PAIN_L
00000202   PAOUT
00000203   PAOUT_H
00000202   PAOUT_L
00000206   PAREN
00000207   PAREN_H
00000206   PAREN_L
0000020a   PASEL
0000020b   PASEL_H
0000020a   PASEL_L
00000224   PBDIR
00000225   PBDIR_H
00000224   PBDIR_L
00000228   PBDS
00000229   PBDS_H
00000228   PBDS_L
00000220   PBIN
00000221   PBIN_H
00000220   PBIN_L
00000222   PBOUT
00000223   PBOUT_H
00000222   PBOUT_L
00000226   PBREN
00000227   PBREN_H
00000226   PBREN_L
0000022a   PBSEL
0000022b   PBSEL_H
0000022a   PBSEL_L
00000244   PCDIR
00000245   PCDIR_H
00000244   PCDIR_L
00000248   PCDS
00000249   PCDS_H
00000248   PCDS_L
00000240   PCIN
00000241   PCIN_H
00000240   PCIN_L
00000242   PCOUT
00000243   PCOUT_H
00000242   PCOUT_L
00000246   PCREN
00000247   PCREN_H
00000246   PCREN_L
0000024a   PCSEL
0000024b   PCSEL_H
0000024a   PCSEL_L
00000324   PJDIR
00000325   PJDIR_H
00000324   PJDIR_L
00000328   PJDS
00000329   PJDS_H
00000328   PJDS_L
00000320   PJIN
00000321   PJIN_H
00000320   PJIN_L
00000322   PJOUT
00000323   PJOUT_H
00000322   PJOUT_L
00000326   PJREN
00000327   PJREN_H
00000326   PJREN_L
000001c2   PMAPCTL
000001c3   PMAPCTL_H
000001c2   PMAPCTL_L
000001c0   PMAPKEYID
000001c1   PMAPKEYID_H
000001c0   PMAPKEYID_L
00000120   PMMCTL0
00000121   PMMCTL0_H
00000120   PMMCTL0_L
00000122   PMMCTL1
00000123   PMMCTL1_H
00000122   PMMCTL1_L
0000012c   PMMIFG
0000012d   PMMIFG_H
0000012c   PMMIFG_L
0000012e   PMMRIE
0000012f   PMMRIE_H
0000012e   PMMRIE_L
000087ae   PORT2_ISR
00000158   RCCTL0
00000159   RCCTL0_H
00000158   RCCTL0_L
000001b0   REFCTL0
000001b1   REFCTL0_H
000001b0   REFCTL0_L
000004e4   RES0
000004e5   RES0_H
000004e4   RES0_L
000004e6   RES1
000004e7   RES1_H
000004e6   RES1_L
000004e8   RES2
000004e9   RES2_H
000004e8   RES2_L
000004ea   RES3
000004eb   RES3_H
000004ea   RES3_L
000004cc   RESHI
000004cd   RESHI_H
000004cc   RESHI_L
000004ca   RESLO
000004cb   RESLO_H
000004ca   RESLO_L
00000f16   RF1ADINW
00000f17   RF1ADINW_H
00000f16   RF1ADINW_L
00000f28   RF1ADOUT0W
00000f29   RF1ADOUT0W_H
00000f28   RF1ADOUT0W_L
00000f2a   RF1ADOUT1W
00000f2b   RF1ADOUT1W_H
00000f2a   RF1ADOUT1W_L
00000f2c   RF1ADOUT2W
00000f2d   RF1ADOUT2W_H
00000f2c   RF1ADOUT2W_L
00000f36   RF1AIE
00000f34   RF1AIES
00000f35   RF1AIES_H
00000f34   RF1AIES_L
00000f37   RF1AIE_H
00000f36   RF1AIE_L
00000f00   RF1AIFCTL0
00000f01   RF1AIFCTL0_H
00000f00   RF1AIFCTL0_L
00000f02   RF1AIFCTL1
00000f03   RF1AIFCTL1_H
00000f02   RF1AIFCTL1_L
00000f04   RF1AIFCTL2
00000f05   RF1AIFCTL2_H
00000f04   RF1AIFCTL2_L
00000f06   RF1AIFERR
00000f0c   RF1AIFERRV
00000f0d   RF1AIFERRV_H
00000f0c   RF1AIFERRV_L
00000f07   RF1AIFERR_H
00000f06   RF1AIFERR_L
00000f32   RF1AIFG
00000f33   RF1AIFG_H
00000f32   RF1AIFG_L
00000f0e   RF1AIFIV
00000f0f   RF1AIFIV_H
00000f0e   RF1AIFIV_L
00000f30   RF1AIN
00000f12   RF1AINSTR1W
00000f13   RF1AINSTR1W_H
00000f12   RF1AINSTR1W_L
00000f14   RF1AINSTR2W
00000f15   RF1AINSTR2W_H
00000f14   RF1AINSTR2W_L
00000f10   RF1AINSTRW
00000f11   RF1AINSTRW_H
00000f10   RF1AINSTRW_L
00000f31   RF1AIN_H
00000f30   RF1AIN_L
00000f38   RF1AIV
00000f39   RF1AIV_H
00000f38   RF1AIV_L
00000f3c   RF1ARXFIFO
00000f3d   RF1ARXFIFO_H
00000f3c   RF1ARXFIFO_L
00000f20   RF1ASTAT0W
00000f21   RF1ASTAT0W_H
00000f20   RF1ASTAT0W_L
00000f22   RF1ASTAT1W
00000f23   RF1ASTAT1W_H
00000f22   RF1ASTAT1W_L
00000f24   RF1ASTAT2W
00000f25   RF1ASTAT2W_H
00000f24   RF1ASTAT2W_L
00000f3e   RF1ATXFIFO
00000f3f   RF1ATXFIFO_H
00000f3e   RF1ATXFIFO_L
000004ba   RTCADOWDAY
000004bb   RTCADOWDAY_H
000004ba   RTCADOWDAY_L
000004b8   RTCAMINHR
000004b9   RTCAMINHR_H
000004b8   RTCAMINHR_L
000004a0   RTCCTL01
000004a1   RTCCTL01_H
000004a0   RTCCTL01_L
000004a2   RTCCTL23
000004a3   RTCCTL23_H
000004a2   RTCCTL23_L
000004b4   RTCDATE
000004b5   RTCDATE_H
000004b4   RTCDATE_L
000004ae   RTCIV
000004ac   RTCPS
000004a8   RTCPS0CTL
000004a9   RTCPS0CTL_H
000004a8   RTCPS0CTL_L
000004aa   RTCPS1CTL
000004ab   RTCPS1CTL_H
000004aa   RTCPS1CTL_L
000004ad   RTCPS_H
000004ac   RTCPS_L
000004b0   RTCTIM0
000004b1   RTCTIM0_H
000004b0   RTCTIM0_L
000004b2   RTCTIM1
000004b3   RTCTIM1_H
000004b2   RTCTIM1_L
000004b6   RTCYEAR
000004b7   RTCYEAR_H
000004b6   RTCYEAR_L
0000f2e0   RandomValue_u8
0000d5be   ReadBurstReg
0000ea70   ReadSingleReg
00000100   SFRIE1
00000101   SFRIE1_H
00000100   SFRIE1_L
00000102   SFRIFG1
00000103   SFRIFG1_H
00000102   SFRIFG1_L
00000104   SFRRPCR
00000105   SFRRPCR_H
00000104   SFRRPCR_L
0000e060   SMPL_Init
0000b4c4   SMPL_Ioctl
000096d4   SMPL_Link
0000d38a   SMPL_Receive
0000c78a   SMPL_SendOpt
000004ce   SUMEXT
000004cf   SUMEXT_H
000004ce   SUMEXT_L
00000124   SVSMHCTL
00000125   SVSMHCTL_H
00000124   SVSMHCTL_L
00000128   SVSMIO
00000129   SVSMIO_H
00000128   SVSMIO_L
00000126   SVSMLCTL
00000127   SVSMLCTL_H
00000126   SVSMLCTL_L
00000198   SYSBERRIV
00000199   SYSBERRIV_H
00000198   SYSBERRIV_L
00000182   SYSBSLC
00000183   SYSBSLC_H
00000182   SYSBSLC_L
00000180   SYSCTL
00000181   SYSCTL_H
00000180   SYSCTL_L
00000186   SYSJMBC
00000187   SYSJMBC_H
00000186   SYSJMBC_L
00000188   SYSJMBI0
00000189   SYSJMBI0_H
00000188   SYSJMBI0_L
0000018a   SYSJMBI1
0000018b   SYSJMBI1_H
0000018a   SYSJMBI1_L
0000018c   SYSJMBO0
0000018d   SYSJMBO0_H
0000018c   SYSJMBO0_L
0000018e   SYSJMBO1
0000018f   SYSJMBO1_H
0000018e   SYSJMBO1_L
0000019e   SYSRSTIV
0000019f   SYSRSTIV_H
0000019e   SYSRSTIV_L
0000019c   SYSSNIV
0000019d   SYSSNIV_H
0000019c   SYSSNIV_L
0000019a   SYSUNIV
0000019b   SYSUNIV_H
0000019a   SYSUNIV_L
0000e2fc   SetVCore
0000e322   SetVCoreDown
0000d41a   SetVCoreUp
0000b9d8   Strobe
00000352   TA0CCR0
00000354   TA0CCR1
00000356   TA0CCR2
00000358   TA0CCR3
0000035a   TA0CCR4
00000342   TA0CCTL0
00000344   TA0CCTL1
00000346   TA0CCTL2
00000348   TA0CCTL3
0000034a   TA0CCTL4
00000340   TA0CTL
00000360   TA0EX0
0000036e   TA0IV
00000350   TA0R
00000392   TA1CCR0
00000394   TA1CCR1
00000396   TA1CCR2
00000382   TA1CCTL0
00000384   TA1CCTL1
00000386   TA1CCTL2
00000380   TA1CTL
000003a0   TA1EX0
000003ae   TA1IV
00000390   TA1R
00008298   TIMER0_A0_ISR
0000bed0   TIMER0_A1_5_ISR
0000e138   Timer0_A3_Start
0000ef00   Timer0_A3_Stop
0000ca4a   Timer0_A4_Delay
0000eb0a   Timer0_Init
0000ef08   Timer0_Start
0000ed9e   Timer0_Stop
000005d0   UCA0ABCTL
000005c6   UCA0BRW
000005c7   UCA0BRW_H
000005c6   UCA0BRW_L
000005c0   UCA0CTLW0
000005c1   UCA0CTLW0_H
000005c0   UCA0CTLW0_L
000005dc   UCA0ICTL
000005dd   UCA0ICTL_H
000005dc   UCA0ICTL_L
000005d2   UCA0IRCTL
000005d3   UCA0IRCTL_H
000005d2   UCA0IRCTL_L
000005de   UCA0IV
000005c8   UCA0MCTL
000005cc   UCA0RXBUF
000005ca   UCA0STAT
000005ce   UCA0TXBUF
000005e6   UCB0BRW
000005e7   UCB0BRW_H
000005e6   UCB0BRW_L
000005e0   UCB0CTLW0
000005e1   UCB0CTLW0_H
000005e0   UCB0CTLW0_L
000005f0   UCB0I2COA
000005f1   UCB0I2COA_H
000005f0   UCB0I2COA_L
000005f2   UCB0I2CSA
000005f3   UCB0I2CSA_H
000005f2   UCB0I2CSA_L
000005fc   UCB0ICTL
000005fd   UCB0ICTL_H
000005fc   UCB0ICTL_L
000005fe   UCB0IV
000005ec   UCB0RXBUF
000005ea   UCB0STAT
000005ee   UCB0TXBUF
00000160   UCSCTL0
00000161   UCSCTL0_H
00000160   UCSCTL0_L
00000162   UCSCTL1
00000163   UCSCTL1_H
00000162   UCSCTL1_L
00000164   UCSCTL2
00000165   UCSCTL2_H
00000164   UCSCTL2_L
00000166   UCSCTL3
00000167   UCSCTL3_H
00000166   UCSCTL3_L
00000168   UCSCTL4
00000169   UCSCTL4_H
00000168   UCSCTL4_L
0000016a   UCSCTL5
0000016b   UCSCTL5_H
0000016a   UCSCTL5_L
0000016c   UCSCTL6
0000016d   UCSCTL6_H
0000016c   UCSCTL6_L
0000016e   UCSCTL7
0000016f   UCSCTL7_H
0000016e   UCSCTL7_L
00000170   UCSCTL8
00000171   UCSCTL8_H
00000170   UCSCTL8_L
0000015c   WDTCTL
0000015d   WDTCTL_H
0000015c   WDTCTL_L
0000d602   WriteBurstReg
0000c7f0   WritePATable
0000db6e   WriteSingleReg
00002bfc   __STACK_END
00000050   __STACK_SIZE
00000001   __TI_args_main
00000001   __TI_auto_init
00000001   __TI_exit
ffffffff   __binit__
00001c00   __bss__
ffffffff   __c_args__
0000f5c2   __cinit__
0000e0b8   __divi
0000d814   __divli
0000eac8   __divu
0000ce98   __divul
00001f09   __end__
0000efa0   __etext__
00009c04   __fs_add
0000d2ae   __fs_cmp
0000bb94   __fs_div
0000dc82   __fs_itof
0000b35a   __fs_mpy
00009bfe   __fs_sub
0000d532   __fs_tou
0000d262   __fs_toul
0000de84   __fs_ultof
0000e4e0   __fs_utof
0000eade   __mpyi_f5hw
0000e5ae   __mpyl_f5hw
ffffffff   __pinit__
0000e0b8   __remi
0000d814   __remli
0000eac8   __remu
0000ce98   __remul
00008000   __text__
0000d460   _auto_init
0000e162   _c_int00
0000e162   _c_int00_noexit
00001ed6   _cleanup_ptr
00001eda   _dtors_ptr
00001ece   _lock
0000ef98   _nop
0000fffe   _reset_vector
00002bac   _stack
0000ef74   _system_pre_init
00001ed2   _unlock
0000ef78   abort
0000ed18   acceleration_value_is_positive
00001f04   adc12_data_ready
00001f02   adc12_result
0000c6ba   adc12_single_conversion
0000d132   add_day
0000e18c   as_get_data
0000e006   as_init
00001eab   as_ok
0000c5e4   as_read_register
0000c058   as_start
0000ddee   as_stop
0000c856   as_write_register
0000c338   battery_measurement
ffffffff   binit
00001ee2   brrx_packet_end_cap_value
00001d1c   burst_end
00001d18   burst_mode
00001d1e   burst_packet
00001d30   burst_packet_index
00001d1a   burst_start
00001e6c   button
0000d17e   button_repeat_function
0000ee96   button_repeat_off
0000ea86   button_repeat_on
0000e7e4   check_alarm
0000f5c2   cinit
0000ef4a   clear_blink_mem
0000edaa   clear_display
0000e800   clear_display_all
0000ccdc   clear_line
0000cc80   clock_tick
0000ecc8   close_radio
00008000   conv_pa_to_meter
0000e9cc   convert_C_to_F
0000ebe4   convert_F_to_C
0000d1ca   convert_acceleration_value_to_mgrav
0000e81c   convert_ft_to_m
0000e9e4   convert_hour_to_12H_format
0000e838   convert_m_to_ft
0000eb1e   countdown_buzzer
0000c922   countdown_tick
00001e16   countdownaudible
00001e10   countdownfinished
00001e7e   counter
00001e80   countmultiplier
00001c8c   display
0000ef9a   display_acceleration
0000b058   display_alarm
0000eb32   display_all_off
0000e9fc   display_all_on
0000a622   display_altitude
0000e854   display_am_pm_symbol
0000cb68   display_battery_V
0000ed26   display_caldist
0000cf46   display_calories
0000c3ac   display_char
0000ac5a   display_chars
0000c1d2   display_countdown
0000aaa2   display_distance
0000c8bc   display_heartrate
0000d4a6   display_hours
0000eb46   display_ppt
0000eb5a   display_rf
0000e1b6   display_rfbsl
0000ea9c   display_selection_Timeformat1
0000eab2   display_selection_User_Gender
0000a9c4   display_speed
00009d2e   display_stopwatch
0000e78a   display_symbol
0000eb6e   display_sync
0000a7fa   display_temperature
00009574   display_time
00009ab8   display_update
0000e548   display_value
0000e97e   do_acceleration_measurement
0000b768   do_altitude_measurement
0000ef9c   dummy
0000d646   elapsed_tick
00001f09   end
0000efa0   etext
00001e78   fptr_Timer0_A3_function
00001e20   fptr_lcd_function_line1
00001e24   fptr_lcd_function_line2
0000bb04   get_bluerobin_data
0000bf54   get_numberOfDays
0000f52a   h0
00001e14   heartcount
0000edc2   idle_loop
0000af92   init_application
0000e36e   init_buttons
0000c41e   init_global_variables
0000e394   init_pressure_table
0000b11c   int_to_array
0000efa0   int_to_array_conversion_table
00001ce2   int_to_array_str
0000ebf6   is_acceleration_measurement
0000ec08   is_altitude_measurement
0000edce   is_bluerobin
0000edda   is_bluerobin_searching
0000ede6   is_countdown_active
0000ed34   is_hour_am
0000edf2   is_rf
0000eb96   is_stopwatch
0000edfe   is_temp_measurement
0000f4ac   lcd_font
0000e1e0   lcd_init
0000dc16   main
0000e498   memcmp
0000ec1a   memcpy
0000e7a8   memmove
0000ec2c   memset
0000f250   menu_L1_Acceleration
0000f1f6   menu_L1_Alarm
0000f21a   menu_L1_Altitude
0000f1e4   menu_L1_Countdown
0000f22c   menu_L1_Heartrate
0000f23e   menu_L1_Speed
0000f208   menu_L1_Temperature
0000f1d2   menu_L1_Time
0000f274   menu_L2_Battery
0000f2bc   menu_L2_CalDist
0000f262   menu_L2_Date
0000f298   menu_L2_Ppt
0000f2ce   menu_L2_RFBSL
0000f286   menu_L2_Rf
0000f1c0   menu_L2_Stopwatch
0000f2aa   menu_L2_Sync
00001e1e   message
0000f5be   method
0000f586   mgrav_per_bit
0000f5ae   mrfiBroadcastAddr
0000f46c   mrfiRadioCfg
0000c490   mrfiRadioInterfaceCmdStrobe
0000d4ec   mrfiRadioInterfaceReadReg
0000dee8   mrfiRadioInterfaceReadRxFifo
0000dd54   mrfiRadioInterfaceWriteReg
0000dd88   mrfiRadioInterfaceWriteTxFifo
0000a160   mx_alarm
0000a70e   mx_altitude
0000ef50   mx_bluerobin
00009026   mx_caldist
0000e56a   mx_countdown
0000ed42   mx_stopwatch
00009f60   mx_temperature
00008e32   mx_time
0000ef7c   nwk_NVObj
0000e870   nwk_QInit
0000e08c   nwk_QadjustOrder
0000ab7e   nwk_QfindOldest
0000c2c2   nwk_QfindSlot
0000ad2e   nwk_allocateLocalRxPort
0000bd3a   nwk_buildFrame
0000e3ba   nwk_checkConnInfo
0000ef80   nwk_connectionControl
0000e88c   nwk_deviceAddress
0000da46   nwk_findPeer
0000e692   nwk_frameInit
0000ef56   nwk_freeConnection
0000ef5c   nwk_getBCastAddress
0000e25c   nwk_getConnInfo
0000ec3e   nwk_getMyAddress
0000ef84   nwk_getMyRxType
0000da82   nwk_getNextConnection
0000ee0a   nwk_getNumObjectFromMsg
0000ef88   nwk_getProtocolVersion
0000e3e0   nwk_globalsInit
0000bcae   nwk_isConnectionValid
0000dabe   nwk_isLinkDuplicate
0000df18   nwk_isValidReply
0000a258   nwk_join
0000e284   nwk_joinInit
000096d4   nwk_link
0000df48   nwk_linkInit
0000eea0   nwk_mgmtInit
0000bfd6   nwk_nwkInit
0000eeaa   nwk_pingInit
0000ef8c   nwk_processFreq
0000ea14   nwk_processJoin
0000e58c   nwk_processLink
0000dc4c   nwk_processMgmt
0000e4bc   nwk_processPing
0000ef90   nwk_processSecurity
0000e8a8   nwk_putNumObjectIntoMsg
0000cd36   nwk_radioControl
0000df78   nwk_rawReceive
0000d040   nwk_rawSend
0000b8a4   nwk_retrieveFrame
0000c156   nwk_sendAckReply
0000dfa8   nwk_sendFrame
0000ee16   nwk_setAPAddress
0000ec50   nwk_setJoinToken
0000ec62   nwk_setLinkToken
0000e7c6   nwk_setMyAddress
0000ec74   open_radio
00001d32   p
0000f54c   p0
ffffffff   pinit
0000d710   process_requests
0000c9e8   ps_get_pa
0000d216   ps_get_temp
0000c24a   ps_init
00001d76   ps_ok
0000c502   ps_read_register
0000ee22   ps_start
0000eeb4   ps_stop
0000d092   ps_twi_read
0000b940   ps_twi_sda
0000d752   ps_twi_write
0000ce40   ps_write_register
00001f00   ptrMenu_L1
00001efe   ptrMenu_L2
0000dba6   radio_ISR
0000ecf8   radio_powerdown
0000de20   radio_reset
0000e20a   reaches_zero
0000b1e0   read_calibration_values
00001e1c   request
0000ed50   reset_acceleration
0000ea2c   reset_alarm
0000d7d4   reset_altitude_measurement
0000ec86   reset_batt_measurement
0000de52   reset_bluerobin
0000eebe   reset_buzzer
0000e6b2   reset_clock
0000caaa   reset_countdown
0000ebaa   reset_date
0000eec8   reset_rf
0000e6d2   reset_stopwatch
0000eed2   reset_temp_measurement
00001e83   rfBSL_button_confirmation
00001e28   rf_frequoffset
00001e60   sAccel
00001efa   sAlarm
00001e2a   sAlt
00001ebe   sBatt
00001dee   sBlueRobin
00001e6e   sButton
00001ec6   sBuzzer
00001e08   sCountdown
00001ee4   sDate
00001dd1   sInit_done
00001cea   sRFsmpl
00001e46   sStopwatch
00001eea   sTemp
00001e38   sTime
00001e7c   sTimer
0000f4d8   segments_bitmask
00001c8e   segments_lcdmem
0000f59e   selection_Timeformat
0000f5a6   selection_User_Gender
0000ed5e   set_blink_rate
00008c14   set_value
00001cf2   simpliciti_data
00001d12   simpliciti_ed_address
00001cf0   simpliciti_flag
0000b624   simpliciti_get_ed_data_callback
0000b410   simpliciti_link
0000b6c6   simpliciti_main_sync
0000d854   simpliciti_main_tx_only
00001d16   simpliciti_payload_length
00001d17   simpliciti_reply_count
0000996e   simpliciti_sync_decode_ap_cmd_callback
0000a8e0   simpliciti_sync_get_data_callback
0000d894   start_altitude_measurement
0000ef62   start_blink
0000d578   start_buzzer
0000ef68   start_countdown
0000b806   start_simpliciti_sync
0000ae00   start_simpliciti_tx_only
0000e5d0   start_stopwatch
0000ef10   stop_alarm
0000e8c4   stop_altitude_measurement
0000ef6e   stop_blink
0000d3d2   stop_bluerobin
0000e6f2   stop_buzzer
0000ed6c   stop_countdown
0000e998   stop_stopwatch
0000a532   stopwatch_tick
00001e74   sw1use
0000ee2e   switch_seg
0000e8e0   sx_acceleration
0000deb6   sx_alarm
0000ef9e   sx_altitude
0000a060   sx_bluerobin
0000e9b2   sx_caldist
0000ebbe   sx_countdown
0000e2ac   sx_ppt
0000e2d4   sx_rf
0000cf9a   sx_rfbsl
0000eaf4   sx_stopwatch
0000e406   sx_sync
0000ed08   sx_time
00001e1a   sys
0000ba6e   temperature_measurement
0000a440   test_axis
000089e2   test_mode
00001e12   tiltreturn
00001e18   tilttozero
0000ef18   to_lpm
0000d2f8   toggle_buzzer
0000ef94   twi_delay
0000ee3a   update_acceleration
0000ee46   update_alarm
0000ee52   update_battery_voltage
0000ee5e   update_countdown
0000eedc   update_date
0000920a   update_pressure_table
0000ee6a   update_stopwatch
0000dafa   update_stopwatch_timer
0000ee76   update_temperature
0000eee6   update_time
0000b576   wakeup_event
0000cbc6   write_lcd_mem


GLOBAL SYMBOLS: SORTED BY Symbol Address 

address    name
--------   ----
00000001   __TI_args_main
00000001   __TI_auto_init
00000001   __TI_exit
00000050   __STACK_SIZE
00000100   SFRIE1
00000100   SFRIE1_L
00000101   SFRIE1_H
00000102   SFRIFG1
00000102   SFRIFG1_L
00000103   SFRIFG1_H
00000104   SFRRPCR
00000104   SFRRPCR_L
00000105   SFRRPCR_H
00000120   PMMCTL0
00000120   PMMCTL0_L
00000121   PMMCTL0_H
00000122   PMMCTL1
00000122   PMMCTL1_L
00000123   PMMCTL1_H
00000124   SVSMHCTL
00000124   SVSMHCTL_L
00000125   SVSMHCTL_H
00000126   SVSMLCTL
00000126   SVSMLCTL_L
00000127   SVSMLCTL_H
00000128   SVSMIO
00000128   SVSMIO_L
00000129   SVSMIO_H
0000012c   PMMIFG
0000012c   PMMIFG_L
0000012d   PMMIFG_H
0000012e   PMMRIE
0000012e   PMMRIE_L
0000012f   PMMRIE_H
00000140   FCTL1
00000140   FCTL1_L
00000141   FCTL1_H
00000144   FCTL3
00000144   FCTL3_L
00000145   FCTL3_H
00000146   FCTL4
00000146   FCTL4_L
00000147   FCTL4_H
00000150   CRCDI
00000150   CRCDI_L
00000151   CRCDI_H
00000152   CRCDIRB
00000152   CRCDIRB_L
00000153   CRCDIRB_H
00000154   CRCINIRES
00000154   CRCINIRES_L
00000155   CRCINIRES_H
00000156   CRCRESR
00000156   CRCRESR_L
00000157   CRCRESR_H
00000158   RCCTL0
00000158   RCCTL0_L
00000159   RCCTL0_H
0000015c   WDTCTL
0000015c   WDTCTL_L
0000015d   WDTCTL_H
00000160   UCSCTL0
00000160   UCSCTL0_L
00000161   UCSCTL0_H
00000162   UCSCTL1
00000162   UCSCTL1_L
00000163   UCSCTL1_H
00000164   UCSCTL2
00000164   UCSCTL2_L
00000165   UCSCTL2_H
00000166   UCSCTL3
00000166   UCSCTL3_L
00000167   UCSCTL3_H
00000168   UCSCTL4
00000168   UCSCTL4_L
00000169   UCSCTL4_H
0000016a   UCSCTL5
0000016a   UCSCTL5_L
0000016b   UCSCTL5_H
0000016c   UCSCTL6
0000016c   UCSCTL6_L
0000016d   UCSCTL6_H
0000016e   UCSCTL7
0000016e   UCSCTL7_L
0000016f   UCSCTL7_H
00000170   UCSCTL8
00000170   UCSCTL8_L
00000171   UCSCTL8_H
00000180   SYSCTL
00000180   SYSCTL_L
00000181   SYSCTL_H
00000182   SYSBSLC
00000182   SYSBSLC_L
00000183   SYSBSLC_H
00000186   SYSJMBC
00000186   SYSJMBC_L
00000187   SYSJMBC_H
00000188   SYSJMBI0
00000188   SYSJMBI0_L
00000189   SYSJMBI0_H
0000018a   SYSJMBI1
0000018a   SYSJMBI1_L
0000018b   SYSJMBI1_H
0000018c   SYSJMBO0
0000018c   SYSJMBO0_L
0000018d   SYSJMBO0_H
0000018e   SYSJMBO1
0000018e   SYSJMBO1_L
0000018f   SYSJMBO1_H
00000198   SYSBERRIV
00000198   SYSBERRIV_L
00000199   SYSBERRIV_H
0000019a   SYSUNIV
0000019a   SYSUNIV_L
0000019b   SYSUNIV_H
0000019c   SYSSNIV
0000019c   SYSSNIV_L
0000019d   SYSSNIV_H
0000019e   SYSRSTIV
0000019e   SYSRSTIV_L
0000019f   SYSRSTIV_H
000001b0   REFCTL0
000001b0   REFCTL0_L
000001b1   REFCTL0_H
000001c0   PMAPKEYID
000001c0   PMAPKEYID_L
000001c1   PMAPKEYID_H
000001c2   PMAPCTL
000001c2   PMAPCTL_L
000001c3   PMAPCTL_H
000001c8   P1MAP01
000001c8   P1MAP01_L
000001c9   P1MAP01_H
000001ca   P1MAP23
000001ca   P1MAP23_L
000001cb   P1MAP23_H
000001cc   P1MAP45
000001cc   P1MAP45_L
000001cd   P1MAP45_H
000001ce   P1MAP67
000001ce   P1MAP67_L
000001cf   P1MAP67_H
000001d0   P2MAP01
000001d0   P2MAP01_L
000001d1   P2MAP01_H
000001d2   P2MAP23
000001d2   P2MAP23_L
000001d3   P2MAP23_H
000001d4   P2MAP45
000001d4   P2MAP45_L
000001d5   P2MAP45_H
000001d6   P2MAP67
000001d6   P2MAP67_L
000001d7   P2MAP67_H
000001d8   P3MAP01
000001d8   P3MAP01_L
000001d9   P3MAP01_H
000001da   P3MAP23
000001da   P3MAP23_L
000001db   P3MAP23_H
000001dc   P3MAP45
000001dc   P3MAP45_L
000001dd   P3MAP45_H
000001de   P3MAP67
000001de   P3MAP67_L
000001df   P3MAP67_H
00000200   PAIN
00000200   PAIN_L
00000201   PAIN_H
00000202   PAOUT
00000202   PAOUT_L
00000203   PAOUT_H
00000204   PADIR
00000204   PADIR_L
00000205   PADIR_H
00000206   PAREN
00000206   PAREN_L
00000207   PAREN_H
00000208   PADS
00000208   PADS_L
00000209   PADS_H
0000020a   PASEL
0000020a   PASEL_L
0000020b   PASEL_H
0000020e   P1IV
00000218   PAIES
00000218   PAIES_L
00000219   PAIES_H
0000021a   PAIE
0000021a   PAIE_L
0000021b   PAIE_H
0000021c   PAIFG
0000021c   PAIFG_L
0000021d   PAIFG_H
0000021e   P2IV
00000220   PBIN
00000220   PBIN_L
00000221   PBIN_H
00000222   PBOUT
00000222   PBOUT_L
00000223   PBOUT_H
00000224   PBDIR
00000224   PBDIR_L
00000225   PBDIR_H
00000226   PBREN
00000226   PBREN_L
00000227   PBREN_H
00000228   PBDS
00000228   PBDS_L
00000229   PBDS_H
0000022a   PBSEL
0000022a   PBSEL_L
0000022b   PBSEL_H
00000240   PCIN
00000240   PCIN_L
00000241   PCIN_H
00000242   PCOUT
00000242   PCOUT_L
00000243   PCOUT_H
00000244   PCDIR
00000244   PCDIR_L
00000245   PCDIR_H
00000246   PCREN
00000246   PCREN_L
00000247   PCREN_H
00000248   PCDS
00000248   PCDS_L
00000249   PCDS_H
0000024a   PCSEL
0000024a   PCSEL_L
0000024b   PCSEL_H
00000320   PJIN
00000320   PJIN_L
00000321   PJIN_H
00000322   PJOUT
00000322   PJOUT_L
00000323   PJOUT_H
00000324   PJDIR
00000324   PJDIR_L
00000325   PJDIR_H
00000326   PJREN
00000326   PJREN_L
00000327   PJREN_H
00000328   PJDS
00000328   PJDS_L
00000329   PJDS_H
00000340   TA0CTL
00000342   TA0CCTL0
00000344   TA0CCTL1
00000346   TA0CCTL2
00000348   TA0CCTL3
0000034a   TA0CCTL4
00000350   TA0R
00000352   TA0CCR0
00000354   TA0CCR1
00000356   TA0CCR2
00000358   TA0CCR3
0000035a   TA0CCR4
00000360   TA0EX0
0000036e   TA0IV
00000380   TA1CTL
00000382   TA1CCTL0
00000384   TA1CCTL1
00000386   TA1CCTL2
00000390   TA1R
00000392   TA1CCR0
00000394   TA1CCR1
00000396   TA1CCR2
000003a0   TA1EX0
000003ae   TA1IV
000004a0   RTCCTL01
000004a0   RTCCTL01_L
000004a1   RTCCTL01_H
000004a2   RTCCTL23
000004a2   RTCCTL23_L
000004a3   RTCCTL23_H
000004a8   RTCPS0CTL
000004a8   RTCPS0CTL_L
000004a9   RTCPS0CTL_H
000004aa   RTCPS1CTL
000004aa   RTCPS1CTL_L
000004ab   RTCPS1CTL_H
000004ac   RTCPS
000004ac   RTCPS_L
000004ad   RTCPS_H
000004ae   RTCIV
000004b0   RTCTIM0
000004b0   RTCTIM0_L
000004b1   RTCTIM0_H
000004b2   RTCTIM1
000004b2   RTCTIM1_L
000004b3   RTCTIM1_H
000004b4   RTCDATE
000004b4   RTCDATE_L
000004b5   RTCDATE_H
000004b6   RTCYEAR
000004b6   RTCYEAR_L
000004b7   RTCYEAR_H
000004b8   RTCAMINHR
000004b8   RTCAMINHR_L
000004b9   RTCAMINHR_H
000004ba   RTCADOWDAY
000004ba   RTCADOWDAY_L
000004bb   RTCADOWDAY_H
000004c0   MPY
000004c0   MPY_L
000004c1   MPY_H
000004c2   MPYS
000004c2   MPYS_L
000004c3   MPYS_H
000004c4   MAC
000004c4   MAC_L
000004c5   MAC_H
000004c6   MACS
000004c6   MACS_L
000004c7   MACS_H
000004c8   OP2
000004c8   OP2_L
000004c9   OP2_H
000004ca   RESLO
000004ca   RESLO_L
000004cb   RESLO_H
000004cc   RESHI
000004cc   RESHI_L
000004cd   RESHI_H
000004ce   SUMEXT
000004ce   SUMEXT_L
000004cf   SUMEXT_H
000004d0   MPY32L
000004d0   MPY32L_L
000004d1   MPY32L_H
000004d2   MPY32H
000004d2   MPY32H_L
000004d3   MPY32H_H
000004d4   MPYS32L
000004d4   MPYS32L_L
000004d5   MPYS32L_H
000004d6   MPYS32H
000004d6   MPYS32H_L
000004d7   MPYS32H_H
000004d8   MAC32L
000004d8   MAC32L_L
000004d9   MAC32L_H
000004da   MAC32H
000004da   MAC32H_L
000004db   MAC32H_H
000004dc   MACS32L
000004dc   MACS32L_L
000004dd   MACS32L_H
000004de   MACS32H
000004de   MACS32H_L
000004df   MACS32H_H
000004e0   OP2L
000004e0   OP2L_L
000004e1   OP2L_H
000004e2   OP2H
000004e2   OP2H_L
000004e3   OP2H_H
000004e4   RES0
000004e4   RES0_L
000004e5   RES0_H
000004e6   RES1
000004e6   RES1_L
000004e7   RES1_H
000004e8   RES2
000004e8   RES2_L
000004e9   RES2_H
000004ea   RES3
000004ea   RES3_L
000004eb   RES3_H
000004ec   MPY32CTL0
000004ec   MPY32CTL0_L
000004ed   MPY32CTL0_H
00000500   DMACTL0
00000500   DMACTL0_L
00000501   DMACTL0_H
00000502   DMACTL1
00000502   DMACTL1_L
00000503   DMACTL1_H
00000504   DMACTL2
00000504   DMACTL2_L
00000505   DMACTL2_H
00000506   DMACTL3
00000506   DMACTL3_L
00000507   DMACTL3_H
00000508   DMACTL4
00000508   DMACTL4_L
00000509   DMACTL4_H
0000050e   DMAIV
0000050e   DMAIV_L
0000050f   DMAIV_H
00000510   DMA0CTL
00000510   DMA0CTL_L
00000511   DMA0CTL_H
00000512   DMA0SA
00000512   DMA0SAL
00000516   DMA0DA
00000516   DMA0DAL
0000051a   DMA0SZ
00000520   DMA1CTL
00000520   DMA1CTL_L
00000521   DMA1CTL_H
00000522   DMA1SA
00000522   DMA1SAL
00000526   DMA1DA
00000526   DMA1DAL
0000052a   DMA1SZ
00000530   DMA2CTL
00000530   DMA2CTL_L
00000531   DMA2CTL_H
00000532   DMA2SA
00000532   DMA2SAL
00000536   DMA2DA
00000536   DMA2DAL
0000053a   DMA2SZ
000005c0   UCA0CTLW0
000005c0   UCA0CTLW0_L
000005c1   UCA0CTLW0_H
000005c6   UCA0BRW
000005c6   UCA0BRW_L
000005c7   UCA0BRW_H
000005c8   UCA0MCTL
000005ca   UCA0STAT
000005cc   UCA0RXBUF
000005ce   UCA0TXBUF
000005d0   UCA0ABCTL
000005d2   UCA0IRCTL
000005d2   UCA0IRCTL_L
000005d3   UCA0IRCTL_H
000005dc   UCA0ICTL
000005dc   UCA0ICTL_L
000005dd   UCA0ICTL_H
000005de   UCA0IV
000005e0   UCB0CTLW0
000005e0   UCB0CTLW0_L
000005e1   UCB0CTLW0_H
000005e6   UCB0BRW
000005e6   UCB0BRW_L
000005e7   UCB0BRW_H
000005ea   UCB0STAT
000005ec   UCB0RXBUF
000005ee   UCB0TXBUF
000005f0   UCB0I2COA
000005f0   UCB0I2COA_L
000005f1   UCB0I2COA_H
000005f2   UCB0I2CSA
000005f2   UCB0I2CSA_L
000005f3   UCB0I2CSA_H
000005fc   UCB0ICTL
000005fc   UCB0ICTL_L
000005fd   UCB0ICTL_H
000005fe   UCB0IV
00000700   ADC12CTL0
00000700   ADC12CTL0_L
00000701   ADC12CTL0_H
00000702   ADC12CTL1
00000702   ADC12CTL1_L
00000703   ADC12CTL1_H
00000704   ADC12CTL2
00000704   ADC12CTL2_L
00000705   ADC12CTL2_H
0000070a   ADC12IFG
0000070a   ADC12IFG_L
0000070b   ADC12IFG_H
0000070c   ADC12IE
0000070c   ADC12IE_L
0000070d   ADC12IE_H
0000070e   ADC12IV
0000070e   ADC12IV_L
0000070f   ADC12IV_H
00000710   ADC12MCTL0
00000711   ADC12MCTL1
00000712   ADC12MCTL2
00000713   ADC12MCTL3
00000714   ADC12MCTL4
00000715   ADC12MCTL5
00000716   ADC12MCTL6
00000717   ADC12MCTL7
00000718   ADC12MCTL8
00000719   ADC12MCTL9
0000071a   ADC12MCTL10
0000071b   ADC12MCTL11
0000071c   ADC12MCTL12
0000071d   ADC12MCTL13
0000071e   ADC12MCTL14
0000071f   ADC12MCTL15
00000720   ADC12MEM0
00000720   ADC12MEM0_L
00000721   ADC12MEM0_H
00000722   ADC12MEM1
00000722   ADC12MEM1_L
00000723   ADC12MEM1_H
00000724   ADC12MEM2
00000724   ADC12MEM2_L
00000725   ADC12MEM2_H
00000726   ADC12MEM3
00000726   ADC12MEM3_L
00000727   ADC12MEM3_H
00000728   ADC12MEM4
00000728   ADC12MEM4_L
00000729   ADC12MEM4_H
0000072a   ADC12MEM5
0000072a   ADC12MEM5_L
0000072b   ADC12MEM5_H
0000072c   ADC12MEM6
0000072c   ADC12MEM6_L
0000072d   ADC12MEM6_H
0000072e   ADC12MEM7
0000072e   ADC12MEM7_L
0000072f   ADC12MEM7_H
00000730   ADC12MEM8
00000730   ADC12MEM8_L
00000731   ADC12MEM8_H
00000732   ADC12MEM9
00000732   ADC12MEM9_L
00000733   ADC12MEM9_H
00000734   ADC12MEM10
00000734   ADC12MEM10_L
00000735   ADC12MEM10_H
00000736   ADC12MEM11
00000736   ADC12MEM11_L
00000737   ADC12MEM11_H
00000738   ADC12MEM12
00000738   ADC12MEM12_L
00000739   ADC12MEM12_H
0000073a   ADC12MEM13
0000073a   ADC12MEM13_L
0000073b   ADC12MEM13_H
0000073c   ADC12MEM14
0000073c   ADC12MEM14_L
0000073d   ADC12MEM14_H
0000073e   ADC12MEM15
0000073e   ADC12MEM15_L
0000073f   ADC12MEM15_H
000008c0   CBCTL0
000008c0   CBCTL0_L
000008c1   CBCTL0_H
000008c2   CBCTL1
000008c2   CBCTL1_L
000008c3   CBCTL1_H
000008c4   CBCTL2
000008c4   CBCTL2_L
000008c5   CBCTL2_H
000008c6   CBCTL3
000008c6   CBCTL3_L
000008c7   CBCTL3_H
000008cc   CBINT
000008cc   CBINT_L
000008cd   CBINT_H
000008ce   CBIV
000009c0   AESACTL0
000009c0   AESACTL0_L
000009c1   AESACTL0_H
000009c4   AESASTAT
000009c4   AESASTAT_L
000009c5   AESASTAT_H
000009c6   AESAKEY
000009c6   AESAKEY_L
000009c7   AESAKEY_H
000009c8   AESADIN
000009c8   AESADIN_L
000009c9   AESADIN_H
000009ca   AESADOUT
000009ca   AESADOUT_L
000009cb   AESADOUT_H
00000a00   LCDBCTL0
00000a00   LCDBCTL0_L
00000a01   LCDBCTL0_H
00000a02   LCDBCTL1
00000a02   LCDBCTL1_L
00000a03   LCDBCTL1_H
00000a04   LCDBBLKCTL
00000a04   LCDBBLKCTL_L
00000a05   LCDBBLKCTL_H
00000a06   LCDBMEMCTL
00000a06   LCDBMEMCTL_L
00000a07   LCDBMEMCTL_H
00000a08   LCDBVCTL
00000a08   LCDBVCTL_L
00000a09   LCDBVCTL_H
00000a0a   LCDBPCTL0
00000a0a   LCDBPCTL0_L
00000a0b   LCDBPCTL0_H
00000a0c   LCDBPCTL1
00000a0c   LCDBPCTL1_L
00000a0d   LCDBPCTL1_H
00000a0e   LCDBPCTL2
00000a0e   LCDBPCTL2_L
00000a0f   LCDBPCTL2_H
00000a10   LCDBPCTL3
00000a10   LCDBPCTL3_L
00000a11   LCDBPCTL3_H
00000a12   LCDBCPCTL
00000a12   LCDBCPCTL_L
00000a13   LCDBCPCTL_H
00000a1e   LCDBIV
00000a20   LCDM1
00000a21   LCDM2
00000a22   LCDM3
00000a23   LCDM4
00000a24   LCDM5
00000a25   LCDM6
00000a26   LCDM7
00000a27   LCDM8
00000a28   LCDM9
00000a29   LCDM10
00000a2a   LCDM11
00000a2b   LCDM12
00000a2c   LCDM13
00000a2d   LCDM14
00000a2e   LCDM15
00000a2f   LCDM16
00000a30   LCDM17
00000a31   LCDM18
00000a32   LCDM19
00000a33   LCDM20
00000a34   LCDM21
00000a35   LCDM22
00000a36   LCDM23
00000a37   LCDM24
00000a40   LCDBM1
00000a41   LCDBM2
00000a42   LCDBM3
00000a43   LCDBM4
00000a44   LCDBM5
00000a45   LCDBM6
00000a46   LCDBM7
00000a47   LCDBM8
00000a48   LCDBM9
00000a49   LCDBM10
00000a4a   LCDBM11
00000a4b   LCDBM12
00000a4c   LCDBM13
00000a4d   LCDBM14
00000a4e   LCDBM15
00000a4f   LCDBM16
00000a50   LCDBM17
00000a51   LCDBM18
00000a52   LCDBM19
00000a53   LCDBM20
00000a54   LCDBM21
00000a55   LCDBM22
00000a56   LCDBM23
00000a57   LCDBM24
00000f00   RF1AIFCTL0
00000f00   RF1AIFCTL0_L
00000f01   RF1AIFCTL0_H
00000f02   RF1AIFCTL1
00000f02   RF1AIFCTL1_L
00000f03   RF1AIFCTL1_H
00000f04   RF1AIFCTL2
00000f04   RF1AIFCTL2_L
00000f05   RF1AIFCTL2_H
00000f06   RF1AIFERR
00000f06   RF1AIFERR_L
00000f07   RF1AIFERR_H
00000f0c   RF1AIFERRV
00000f0c   RF1AIFERRV_L
00000f0d   RF1AIFERRV_H
00000f0e   RF1AIFIV
00000f0e   RF1AIFIV_L
00000f0f   RF1AIFIV_H
00000f10   RF1AINSTRW
00000f10   RF1AINSTRW_L
00000f11   RF1AINSTRW_H
00000f12   RF1AINSTR1W
00000f12   RF1AINSTR1W_L
00000f13   RF1AINSTR1W_H
00000f14   RF1AINSTR2W
00000f14   RF1AINSTR2W_L
00000f15   RF1AINSTR2W_H
00000f16   RF1ADINW
00000f16   RF1ADINW_L
00000f17   RF1ADINW_H
00000f20   RF1ASTAT0W
00000f20   RF1ASTAT0W_L
00000f21   RF1ASTAT0W_H
00000f22   RF1ASTAT1W
00000f22   RF1ASTAT1W_L
00000f23   RF1ASTAT1W_H
00000f24   RF1ASTAT2W
00000f24   RF1ASTAT2W_L
00000f25   RF1ASTAT2W_H
00000f28   RF1ADOUT0W
00000f28   RF1ADOUT0W_L
00000f29   RF1ADOUT0W_H
00000f2a   RF1ADOUT1W
00000f2a   RF1ADOUT1W_L
00000f2b   RF1ADOUT1W_H
00000f2c   RF1ADOUT2W
00000f2c   RF1ADOUT2W_L
00000f2d   RF1ADOUT2W_H
00000f30   RF1AIN
00000f30   RF1AIN_L
00000f31   RF1AIN_H
00000f32   RF1AIFG
00000f32   RF1AIFG_L
00000f33   RF1AIFG_H
00000f34   RF1AIES
00000f34   RF1AIES_L
00000f35   RF1AIES_H
00000f36   RF1AIE
00000f36   RF1AIE_L
00000f37   RF1AIE_H
00000f38   RF1AIV
00000f38   RF1AIV_L
00000f39   RF1AIV_H
00000f3c   RF1ARXFIFO
00000f3c   RF1ARXFIFO_L
00000f3d   RF1ARXFIFO_H
00000f3e   RF1ATXFIFO
00000f3e   RF1ATXFIFO_L
00000f3f   RF1ATXFIFO_H
00001c00   .bss
00001c00   __bss__
00001c8c   display
00001c8e   segments_lcdmem
00001ce2   int_to_array_str
00001cea   sRFsmpl
00001cf0   simpliciti_flag
00001cf2   simpliciti_data
00001d12   simpliciti_ed_address
00001d16   simpliciti_payload_length
00001d17   simpliciti_reply_count
00001d18   burst_mode
00001d1a   burst_start
00001d1c   burst_end
00001d1e   burst_packet
00001d30   burst_packet_index
00001d32   p
00001d76   ps_ok
00001dd1   sInit_done
00001dd2   BRRX__TXCB_t
00001dee   sBlueRobin
00001e08   sCountdown
00001e10   countdownfinished
00001e12   tiltreturn
00001e14   heartcount
00001e16   countdownaudible
00001e18   tilttozero
00001e1a   sys
00001e1c   request
00001e1e   message
00001e20   fptr_lcd_function_line1
00001e24   fptr_lcd_function_line2
00001e28   rf_frequoffset
00001e2a   sAlt
00001e38   sTime
00001e46   sStopwatch
00001e5a   BRRX__PowerdownDelay_u8
00001e5b   BRRX__SignalLevelReduction
00001e5c   BRRX__MaxSearchTries_u8
00001e5d   BRRX__SearchRatio_u8
00001e5e   BRRX__TestMode_u8
00001e60   sAccel
00001e6c   button
00001e6e   sButton
00001e74   sw1use
00001e78   fptr_Timer0_A3_function
00001e7c   sTimer
00001e7e   counter
00001e80   countmultiplier
00001e83   rfBSL_button_confirmation
00001e84   BRRX__PacketBits_t
00001eab   as_ok
00001eb6   BRRX__NextEventTime_u16
00001eb8   BRRX__NextEndTime_u16
00001eba   BRRX__NextFrequency_u8
00001ebb   BRRX__NextFrequencyOffset_s8
00001ebc   BRRX__TimerState_t
00001ebe   sBatt
00001ec6   sBuzzer
00001ece   _lock
00001ed2   _unlock
00001ed6   _cleanup_ptr
00001eda   _dtors_ptr
00001ee2   brrx_packet_end_cap_value
00001ee4   sDate
00001eea   sTemp
00001ef0   BRRX__StatusFlags_t
00001ef2   BRRX__CurrentPacketTime_u16
00001ef4   BRRX__CurrentSignalLevel_u8
00001efa   sAlarm
00001efe   ptrMenu_L2
00001f00   ptrMenu_L1
00001f02   adc12_result
00001f04   adc12_data_ready
00001f09   __end__
00001f09   end
00002bac   _stack
00002bfc   __STACK_END
00008000   .text
00008000   __text__
00008000   conv_pa_to_meter
00008298   TIMER0_A0_ISR
0000852a   BRRX__Scheduler_v
000087ae   PORT2_ISR
000089e2   test_mode
00008c14   set_value
00008e32   mx_time
00009026   mx_caldist
0000920a   update_pressure_table
000093e0   MRFI_Init
00009574   display_time
000096d4   SMPL_Link
000096d4   nwk_link
0000996e   simpliciti_sync_decode_ap_cmd_callback
00009ab8   display_update
00009bfe   __fs_sub
00009c04   __fs_add
00009d2e   display_stopwatch
00009f60   mx_temperature
0000a060   sx_bluerobin
0000a160   mx_alarm
0000a258   nwk_join
0000a440   test_axis
0000a532   stopwatch_tick
0000a622   display_altitude
0000a70e   mx_altitude
0000a7fa   display_temperature
0000a8e0   simpliciti_sync_get_data_callback
0000a9c4   display_speed
0000aaa2   display_distance
0000ab7e   nwk_QfindOldest
0000ac5a   display_chars
0000ad2e   nwk_allocateLocalRxPort
0000ae00   start_simpliciti_tx_only
0000aecc   MRFI_Transmit
0000af92   init_application
0000b058   display_alarm
0000b11c   int_to_array
0000b1e0   read_calibration_values
0000b35a   __fs_mpy
0000b410   simpliciti_link
0000b4c4   SMPL_Ioctl
0000b576   wakeup_event
0000b624   simpliciti_get_ed_data_callback
0000b6c6   simpliciti_main_sync
0000b768   do_altitude_measurement
0000b806   start_simpliciti_sync
0000b8a4   nwk_retrieveFrame
0000b940   ps_twi_sda
0000b9d8   Strobe
0000ba6e   temperature_measurement
0000bb04   get_bluerobin_data
0000bb94   __fs_div
0000bcae   nwk_isConnectionValid
0000bd3a   nwk_buildFrame
0000bed0   TIMER0_A1_5_ISR
0000bf54   get_numberOfDays
0000bfd6   nwk_nwkInit
0000c058   as_start
0000c0d8   BRRX_RadioReceive_v
0000c156   nwk_sendAckReply
0000c1d2   display_countdown
0000c24a   ps_init
0000c2c2   nwk_QfindSlot
0000c338   battery_measurement
0000c3ac   display_char
0000c41e   init_global_variables
0000c490   mrfiRadioInterfaceCmdStrobe
0000c502   ps_read_register
0000c574   BRRX_RadioInit_v
0000c5e4   as_read_register
0000c6ba   adc12_single_conversion
0000c78a   SMPL_SendOpt
0000c7f0   WritePATable
0000c856   as_write_register
0000c8bc   display_heartrate
0000c922   countdown_tick
0000c986   MRFI_RadioIsr
0000c9e8   ps_get_pa
0000ca4a   Timer0_A4_Delay
0000caaa   reset_countdown
0000cb0a   BRRX_PacketEndTimerTask_v
0000cb68   display_battery_V
0000cbc6   write_lcd_mem
0000cc80   clock_tick
0000ccdc   clear_line
0000cd36   nwk_radioControl
0000cd90   BRRX_Start_v
0000cde8   BRRX__StartNewSearch_v
0000ce40   ps_write_register
0000ce98   __divul
0000ce98   __remul
0000cef0   BRRX_RadioCalibrate_v
0000cf46   display_calories
0000cf9a   sx_rfbsl
0000d040   nwk_rawSend
0000d092   ps_twi_read
0000d132   add_day
0000d17e   button_repeat_function
0000d1ca   convert_acceleration_value_to_mgrav
0000d216   ps_get_temp
0000d262   __fs_toul
0000d2ae   __fs_cmp
0000d2f8   toggle_buzzer
0000d342   BR__CalcRandomTimeOffset_u16
0000d38a   SMPL_Receive
0000d3d2   stop_bluerobin
0000d41a   SetVCoreUp
0000d460   _auto_init
0000d4a6   display_hours
0000d4ec   mrfiRadioInterfaceReadReg
0000d532   __fs_tou
0000d578   start_buzzer
0000d5be   ReadBurstReg
0000d602   WriteBurstReg
0000d646   elapsed_tick
0000d710   process_requests
0000d752   ps_twi_write
0000d794   BRRX__NewInfo_v
0000d7d4   reset_altitude_measurement
0000d814   __divli
0000d814   __remli
0000d854   simpliciti_main_tx_only
0000d894   start_altitude_measurement
0000d8d4   BRRX_SetID_v
0000d912   BRRX__DecodePacket_u8
0000d98e   L_LSL_15
0000d992   L_LSL_14
0000d996   L_LSL_13
0000d99a   L_LSL_12
0000d99e   L_LSL_11
0000d9a2   L_LSL_10
0000d9a6   L_LSL_9
0000d9aa   L_LSL_8
0000d9ae   L_LSL_7
0000d9b2   L_LSL_6
0000d9b6   L_LSL_5
0000d9ba   L_LSL_4
0000d9be   L_LSL_3
0000d9c2   L_LSL_2
0000d9c6   L_LSL_1
0000d9cc   L_LSR_15
0000d9d0   L_LSR_14
0000d9d4   L_LSR_13
0000d9d8   L_LSR_12
0000d9dc   L_LSR_11
0000d9e0   L_LSR_10
0000d9e4   L_LSR_9
0000d9e8   L_LSR_8
0000d9ec   L_LSR_7
0000d9f0   L_LSR_6
0000d9f4   L_LSR_5
0000d9f8   L_LSR_4
0000d9fc   L_LSR_3
0000da00   L_LSR_2
0000da04   L_LSR_1
0000da0a   BRRX_TimerTask_v
0000da46   nwk_findPeer
0000da82   nwk_getNextConnection
0000dabe   nwk_isLinkDuplicate
0000dafa   update_stopwatch_timer
0000db36   BRRX_Init_v
0000db6e   WriteSingleReg
0000dba6   radio_ISR
0000dc16   main
0000dc4c   nwk_processMgmt
0000dc82   __fs_itof
0000dcb8   BR__CalcCRC_u8
0000dcec   MRFI_ReplyDelay
0000dd54   mrfiRadioInterfaceWriteReg
0000dd88   mrfiRadioInterfaceWriteTxFifo
0000ddbc   BRRX_RadioStop_v
0000ddee   as_stop
0000de20   radio_reset
0000de52   reset_bluerobin
0000de84   __fs_ultof
0000deb6   sx_alarm
0000dee8   mrfiRadioInterfaceReadRxFifo
0000df18   nwk_isValidReply
0000df48   nwk_linkInit
0000df78   nwk_rawReceive
0000dfa8   nwk_sendFrame
0000e006   as_init
0000e060   SMPL_Init
0000e08c   nwk_QadjustOrder
0000e0b8   __divi
0000e0b8   __remi
0000e0e4   BRRX_GetID_u32
0000e138   Timer0_A3_Start
0000e162   _c_int00
0000e162   _c_int00_noexit
0000e18c   as_get_data
0000e1b6   display_rfbsl
0000e1e0   lcd_init
0000e20a   reaches_zero
0000e25c   nwk_getConnInfo
0000e284   nwk_joinInit
0000e2ac   sx_ppt
0000e2d4   sx_rf
0000e2fc   SetVCore
0000e322   SetVCoreDown
0000e36e   init_buttons
0000e394   init_pressure_table
0000e3ba   nwk_checkConnInfo
0000e3e0   nwk_globalsInit
0000e406   sx_sync
0000e42c   BRRX_GetState_t
0000e450   MRFI_SetRxAddrFilter
0000e474   MRFI_Sleep
0000e498   memcmp
0000e4bc   nwk_processPing
0000e4e0   __fs_utof
0000e504   BSP_Delay
0000e526   MRFI_WakeUp
0000e548   display_value
0000e56a   mx_countdown
0000e58c   nwk_processLink
0000e5ae   __mpyl_f5hw
0000e5d0   start_stopwatch
0000e5f2   BRRX_GetDistance_u16
0000e612   BRRX_GetSpeed_u8
0000e632   MRFI_RxCompleteISR
0000e652   MRFI_RxIdle
0000e672   MRFI_RxOn
0000e692   nwk_frameInit
0000e6b2   reset_clock
0000e6d2   reset_stopwatch
0000e6f2   stop_buzzer
0000e712   MRFI_EnableRxAddrFilter
0000e730   MRFI_SetLogicalChannel
0000e78a   display_symbol
0000e7a8   memmove
0000e7c6   nwk_setMyAddress
0000e7e4   check_alarm
0000e800   clear_display_all
0000e81c   convert_ft_to_m
0000e838   convert_m_to_ft
0000e854   display_am_pm_symbol
0000e870   nwk_QInit
0000e88c   nwk_deviceAddress
0000e8a8   nwk_putNumObjectIntoMsg
0000e8c4   stop_altitude_measurement
0000e8e0   sx_acceleration
0000e916   MRFI_SetRFPwr
0000e964   ADC12ISR
0000e97e   do_acceleration_measurement
0000e998   stop_stopwatch
0000e9b2   sx_caldist
0000e9cc   convert_C_to_F
0000e9e4   convert_hour_to_12H_format
0000e9fc   display_all_on
0000ea14   nwk_processJoin
0000ea2c   reset_alarm
0000ea44   MRFI_RandomByte
0000ea70   ReadSingleReg
0000ea86   button_repeat_on
0000ea9c   display_selection_Timeformat1
0000eab2   display_selection_User_Gender
0000eac8   __divu
0000eac8   __remu
0000eade   __mpyi_f5hw
0000eaf4   sx_stopwatch
0000eb0a   Timer0_Init
0000eb1e   countdown_buzzer
0000eb32   display_all_off
0000eb46   display_ppt
0000eb5a   display_rf
0000eb6e   display_sync
0000eb96   is_stopwatch
0000ebaa   reset_date
0000ebbe   sx_countdown
0000ebd2   BlueRobin_RadioISR_v
0000ebe4   convert_F_to_C
0000ebf6   is_acceleration_measurement
0000ec08   is_altitude_measurement
0000ec1a   memcpy
0000ec2c   memset
0000ec3e   nwk_getMyAddress
0000ec50   nwk_setJoinToken
0000ec62   nwk_setLinkToken
0000ec74   open_radio
0000ec86   reset_batt_measurement
0000ec98   BRRX__StartTimer_v
0000eca8   BSP_InitBoard
0000ecb8   MRFI_DelayMs
0000ecc8   close_radio
0000ecd8   L_LSL
0000ece8   L_LSR
0000ecf8   radio_powerdown
0000ed08   sx_time
0000ed18   acceleration_value_is_positive
0000ed26   display_caldist
0000ed34   is_hour_am
0000ed42   mx_stopwatch
0000ed50   reset_acceleration
0000ed5e   set_blink_rate
0000ed6c   stop_countdown
0000ed7a   BRRX__GetCurrentTime_u16
0000ed86   MRFI_PostKillSem
0000ed92   MRFI_Receive
0000ed9e   Timer0_Stop
0000edaa   clear_display
0000edc2   idle_loop
0000edce   is_bluerobin
0000edda   is_bluerobin_searching
0000ede6   is_countdown_active
0000edf2   is_rf
0000edfe   is_temp_measurement
0000ee0a   nwk_getNumObjectFromMsg
0000ee16   nwk_setAPAddress
0000ee22   ps_start
0000ee2e   switch_seg
0000ee3a   update_acceleration
0000ee46   update_alarm
0000ee52   update_battery_voltage
0000ee5e   update_countdown
0000ee6a   update_stopwatch
0000ee76   update_temperature
0000ee82   BRRX__IsTimerRunning_v
0000ee8c   BRRX__StopTimer_v
0000ee96   button_repeat_off
0000eea0   nwk_mgmtInit
0000eeaa   nwk_pingInit
0000eeb4   ps_stop
0000eebe   reset_buzzer
0000eec8   reset_rf
0000eed2   reset_temp_measurement
0000eedc   update_date
0000eee6   update_time
0000eef0   BRRX_GetFS_Offset_s8
0000eef8   BRRX_SetSignalLevelReduction_v
0000ef00   Timer0_A3_Stop
0000ef08   Timer0_Start
0000ef10   stop_alarm
0000ef18   to_lpm
0000ef20   BRRX_GetHeartRate_u8
0000ef26   BRRX_SetPowerdownDelay_v
0000ef2c   BRRX_SetSearchTimeout_v
0000ef32   BRRX_Stop_v
0000ef38   BRRX__CallTimer_v
0000ef3e   BRRX__InitTimer_v
0000ef44   MRFI_GetRadioState
0000ef4a   clear_blink_mem
0000ef50   mx_bluerobin
0000ef56   nwk_freeConnection
0000ef5c   nwk_getBCastAddress
0000ef62   start_blink
0000ef68   start_countdown
0000ef6e   stop_blink
0000ef74   _system_pre_init
0000ef78   C$$EXIT
0000ef78   abort
0000ef7c   nwk_NVObj
0000ef80   nwk_connectionControl
0000ef84   nwk_getMyRxType
0000ef88   nwk_getProtocolVersion
0000ef8c   nwk_processFreq
0000ef90   nwk_processSecurity
0000ef94   twi_delay
0000ef98   _nop
0000ef9a   display_acceleration
0000ef9c   dummy
0000ef9e   sx_altitude
0000efa0   __etext__
0000efa0   etext
0000efa0   int_to_array_conversion_table
0000f1c0   menu_L2_Stopwatch
0000f1d2   menu_L1_Time
0000f1e4   menu_L1_Countdown
0000f1f6   menu_L1_Alarm
0000f208   menu_L1_Temperature
0000f21a   menu_L1_Altitude
0000f22c   menu_L1_Heartrate
0000f23e   menu_L1_Speed
0000f250   menu_L1_Acceleration
0000f262   menu_L2_Date
0000f274   menu_L2_Battery
0000f286   menu_L2_Rf
0000f298   menu_L2_Ppt
0000f2aa   menu_L2_Sync
0000f2bc   menu_L2_CalDist
0000f2ce   menu_L2_RFBSL
0000f2e0   RandomValue_u8
0000f46c   mrfiRadioCfg
0000f4ac   lcd_font
0000f4d8   segments_bitmask
0000f52a   h0
0000f54c   p0
0000f586   mgrav_per_bit
0000f59e   selection_Timeformat
0000f5a6   selection_User_Gender
0000f5ae   mrfiBroadcastAddr
0000f5b6   BRRX__First_TXCB_t
0000f5b8   BRRX__Last_TXCB_t
0000f5be   method
0000f5c2   __cinit__
0000f5c2   cinit
0000fffe   _reset_vector
ffffffff   __binit__
ffffffff   __c_args__
ffffffff   __pinit__
ffffffff   binit
ffffffff   pinit

[1196 symbols]
